#
# There is insufficient memory for the Java Runtime Environment to continue.
# Native memory allocation (mmap) failed to map 132120576 bytes. Error detail: G1 virtual space
# Possible reasons:
#   The system is out of physical RAM or swap space
#   This process is running with CompressedOops enabled, and the Java Heap may be blocking the growth of the native heap
# Possible solutions:
#   Reduce memory load on the system
#   Increase physical memory or swap space
#   Check if swap backing store is full
#   Decrease Java heap size (-Xmx/-Xms)
#   Decrease number of Java threads
#   Decrease Java thread stack sizes (-Xss)
#   Set larger code cache with -XX:ReservedCodeCacheSize=
#   JVM is running with Unscaled Compressed Oops mode in which the Java heap is
#     placed in the first 4GB address space. The Java Heap base address is the
#     maximum limit for the native heap growth. Please use -XX:HeapBaseMinAddress
#     to set the Java Heap base and to place the Java Heap above 4GB virtual address.
# This output file may be truncated or incomplete.
#
#  Out of Memory Error (os_windows.cpp:3554), pid=19860, tid=8992
#
# JRE version:  (25.0.3+9) (build )
# Java VM: OpenJDK 64-Bit Server VM (25.0.3+9-LTS, mixed mode, sharing, tiered, compressed oops, compressed class ptrs, g1 gc, windows-amd64)
# No core dump will be written. Minidumps are not enabled by default on client versions of Windows
#

---------------  S U M M A R Y ------------

Command Line: -Dnet.bytebuddy.agent.attacher.dump= net.bytebuddy.agent.Attacher com.sun.tools.attach.VirtualMachine 17432 C:\Users\igorv\.m2\repository\net\bytebuddy\byte-buddy-agent\1.14.13\byte-buddy-agent-1.14.13.jar false 

Host: Intel(R) Core(TM) i3-10110U CPU @ 2.10GHz, 4 cores, 7G,  Windows 10 , 64 bit Build 19041 (10.0.19041.5915)
Time: Mon Jun  8 23:08:24 2026 elapsed time: 0.019806 seconds (0d 0h 0m 0s)

---------------  T H R E A D  ---------------

Current thread (0x000001ab03005590):  JavaThread "Unknown thread" [_thread_in_vm, id=8992, stack(0x0000003434d00000,0x0000003434e00000) (1024K)]

Stack: [0x0000003434d00000,0x0000003434e00000]
Native frames: (J=compiled Java code, j=interpreted, Vv=VM code, C=native code)
V  [jvm.dll+0x7aa709]  (no source info available)
V  [jvm.dll+0x7749ed]  (no source info available)
V  [jvm.dll+0x9f7433]  (no source info available)
V  [jvm.dll+0x9f9a21]  (no source info available)
V  [jvm.dll+0x9fa133]  (no source info available)
V  [jvm.dll+0x2fd266]  (no source info available)
V  [jvm.dll+0x7a6935]  (no source info available)
V  [jvm.dll+0x799d87]  (no source info available)
V  [jvm.dll+0x3f5d88]  (no source info available)
V  [jvm.dll+0x3fdcf6]  (no source info available)
V  [jvm.dll+0x3ea45e]  (no source info available)
V  [jvm.dll+0x3ea718]  (no source info available)
V  [jvm.dll+0x3c1575]  (no source info available)
V  [jvm.dll+0x3c21fe]  (no source info available)
V  [jvm.dll+0x9be2b4]  (no source info available)
V  [jvm.dll+0x45a9b2]  (no source info available)
V  [jvm.dll+0x9a20e2]  (no source info available)
V  [jvm.dll+0x4fb801]  (no source info available)
V  [jvm.dll+0x4fd0f1]  (no source info available)
C  [jli.dll+0x5406]  (no source info available)
C  [ucrtbase.dll+0x21bb2]  (no source info available)
C  [KERNEL32.DLL+0x17374]  (no source info available)
C  [ntdll.dll+0x4cc91]  (no source info available)

Lock stack of current Java thread (top to bottom):


---------------  P R O C E S S  ---------------

Threads class SMR info:
_java_thread_list=0x00007ffc5cb91008, length=0, elements={
}

Java Threads: ( => current thread )
Total: 0

Other Threads:
  0x000001ab05384150 WorkerThread "GC Thread#0"                     [id=17136, stack(0x0000003434e00000,0x0000003434f00000) (1024K)]
  0x000001ab0539caa0 ConcurrentGCThread "G1 Main Marker"            [id=12812, stack(0x0000003434f00000,0x0000003435000000) (1024K)]
  0x000001ab0539de50 WorkerThread "G1 Conc#0"                       [id=15220, stack(0x0000003435000000,0x0000003435100000) (1024K)]

[error occurred during error reporting (printing all threads), id 0xc0000005, EXCEPTION_ACCESS_VIOLATION (0xc0000005) at pc=0x00007ffc5c1b646a]
VM state: not at safepoint (not fully initialized)

VM Mutex/Monitor currently owned by a thread:  ([mutex/lock_event])
[0x00007ffc5cc19828] Heap_lock - owner thread: 0x000001ab03005590

Heap address: 0x0000000082800000, size: 2008 MB, Compressed Oops mode: 32-bit

CDS archive(s) mapped at: [0x0000000000000000-0x0000000000000000-0x0000000000000000), size 0, SharedBaseAddress: 0x0000000800000000, ArchiveRelocationMode: 1.
UseCompressedClassPointers 1, UseCompactObjectHeaders 0
Narrow klass pointer bits 32, Max shift 3
Narrow klass base: 0xffffffffffffffff, Narrow klass shift: -1
Encoding Range: [0xffffffffffffffff - 0x000000007fffffff), (2147483648 bytes)
Klass Range:    [0x0000000000000000 - 0x0000000000000000), (0 bytes)
Klass ID Range:  [4294967295 - 0) (1)
No protection zone.

GC Precious Log:
 CardTable entry size: 512
 Card Set container configuration: InlinePtr #cards 5 size 8 Array Of Cards #cards 10 size 36 Howl #buckets 4 coarsen threshold 1843 Howl Bitmap #cards 512 size 80 coarsen threshold 460 Card regions per heap region 1 cards per card region 2048

Heap:
 garbage-first heap   total reserved 2056192K, committed 0K, used 0K [0x0000000082800000, 0x0000000100000000)
  region size 1024K, 0 young (0K), 0 survivors (0K)

Heap Regions: E=young(eden), S=young(survivor), O=old, HS=humongous(starts), HC=humongous(continues), CS=collection set, F=free, TAMS=top-at-mark-start, PB=parsable bottom

Card table byte_map: [0x000001ab1d240000,0x000001ab1d630000] _byte_map_base: 0x000001ab1ce2c000

Marking Bits: (CMBitMap*) 0x000001ab053848e0
 Bits: [0x000001ab1d630000, 0x000001ab1f590000)

GC Heap Usage History (0 events):
No events

Metaspace Usage History (0 events):
No events

Dll operation events (1 events):
Event: 0.014 Loaded shared library C:\Program Files\Eclipse Adoptium\jdk-25.0.3.9-hotspot\bin\java.dll

Deoptimization events (0 events):
No events

Classes loaded (0 events):
No events

Classes unloaded (0 events):
No events

Classes redefined (0 events):
No events

Internal exceptions (0 events):
No events

VM Operations (0 events):
No events

Memory protections (0 events):
No events

Nmethod flushes (0 events):
No events

Events (0 events):
No events


Dynamic libraries:
0x00007ff6171a0000 - 0x00007ff6171ae000 	C:\Program Files\Eclipse Adoptium\jdk-25.0.3.9-hotspot\bin\java.exe
0x00007ffcec150000 - 0x00007ffcec348000 	C:\Windows\SYSTEM32\ntdll.dll
0x00007ffcebe70000 - 0x00007ffcebf32000 	C:\Windows\System32\KERNEL32.DLL
0x00007ffce9b00000 - 0x00007ffce9df6000 	C:\Windows\System32\KERNELBASE.dll
0x00007ffcea070000 - 0x00007ffcea170000 	C:\Windows\System32\ucrtbase.dll
0x00007ffce1f60000 - 0x00007ffce1f76000 	C:\Program Files\Eclipse Adoptium\jdk-25.0.3.9-hotspot\bin\jli.dll
0x00007ffceb490000 - 0x00007ffceb631000 	C:\Windows\System32\USER32.dll
0x00007ffce9f90000 - 0x00007ffce9fb2000 	C:\Windows\System32\win32u.dll
0x00007ffceb460000 - 0x00007ffceb48b000 	C:\Windows\System32\GDI32.dll
0x00007ffce9940000 - 0x00007ffce9a59000 	C:\Windows\System32\gdi32full.dll
0x00007ffce9a60000 - 0x00007ffce9afd000 	C:\Windows\System32\msvcp_win.dll
0x00007ffce1dd0000 - 0x00007ffce1dee000 	C:\Program Files\Eclipse Adoptium\jdk-25.0.3.9-hotspot\bin\VCRUNTIME140.dll
0x00007ffcd0da0000 - 0x00007ffcd103b000 	C:\Windows\WinSxS\amd64_microsoft.windows.common-controls_6595b64144ccf1df_6.0.19041.6456_none_60b8a6cb71f64256\COMCTL32.dll
0x00007ffcebfb0000 - 0x00007ffcec04e000 	C:\Windows\System32\msvcrt.dll
0x00007ffcebe40000 - 0x00007ffcebe6f000 	C:\Windows\System32\IMM32.DLL
0x00007ffce32b0000 - 0x00007ffce32bc000 	C:\Program Files\Eclipse Adoptium\jdk-25.0.3.9-hotspot\bin\vcruntime140_1.dll
0x00007ffcd1b80000 - 0x00007ffcd1c0d000 	C:\Program Files\Eclipse Adoptium\jdk-25.0.3.9-hotspot\bin\msvcp140.dll
0x00007ffc5bde0000 - 0x00007ffc5cd0a000 	C:\Program Files\Eclipse Adoptium\jdk-25.0.3.9-hotspot\bin\server\jvm.dll
0x00007ffcec050000 - 0x00007ffcec101000 	C:\Windows\System32\ADVAPI32.dll
0x00007ffceaad0000 - 0x00007ffceab6f000 	C:\Windows\System32\sechost.dll
0x00007ffceaf10000 - 0x00007ffceb030000 	C:\Windows\System32\RPCRT4.dll
0x00007ffce9e00000 - 0x00007ffce9e27000 	C:\Windows\System32\bcrypt.dll
0x00007ffcebf40000 - 0x00007ffcebfab000 	C:\Windows\System32\WS2_32.dll
0x00007ffce9640000 - 0x00007ffce968b000 	C:\Windows\SYSTEM32\POWRPROF.dll
0x00007ffcd68f0000 - 0x00007ffcd6917000 	C:\Windows\SYSTEM32\WINMM.dll
0x00007ffce15e0000 - 0x00007ffce15ea000 	C:\Windows\SYSTEM32\VERSION.dll
0x00007ffce9570000 - 0x00007ffce9582000 	C:\Windows\SYSTEM32\UMPDC.dll
0x00007ffce7fe0000 - 0x00007ffce7ff2000 	C:\Windows\SYSTEM32\kernel.appcore.dll
0x00007ffce2690000 - 0x00007ffce269a000 	C:\Program Files\Eclipse Adoptium\jdk-25.0.3.9-hotspot\bin\jimage.dll
0x00007ffcdb810000 - 0x00007ffcdba11000 	C:\Windows\SYSTEM32\DBGHELP.DLL
0x00007ffcd0000000 - 0x00007ffcd0034000 	C:\Windows\SYSTEM32\dbgcore.DLL
0x00007ffce97e0000 - 0x00007ffce9862000 	C:\Windows\System32\bcryptPrimitives.dll
0x00007ffce1d00000 - 0x00007ffce1d1e000 	C:\Program Files\Eclipse Adoptium\jdk-25.0.3.9-hotspot\bin\java.dll
0x00007ffcea170000 - 0x00007ffcea29b000 	C:\Windows\System32\ole32.dll
0x00007ffceab70000 - 0x00007ffceaec4000 	C:\Windows\System32\combase.dll
0x00007ffcea360000 - 0x00007ffceaad0000 	C:\Windows\System32\SHELL32.dll

JVMTI agents: none

dbghelp: loaded successfully - version: 4.0.5 - missing functions: none
symbol engine: initialized successfully - sym options: 0x614 - pdb path: .;C:\Program Files\Eclipse Adoptium\jdk-25.0.3.9-hotspot\bin;C:\Windows\SYSTEM32;C:\Windows\WinSxS\amd64_microsoft.windows.common-controls_6595b64144ccf1df_6.0.19041.6456_none_60b8a6cb71f64256;C:\Program Files\Eclipse Adoptium\jdk-25.0.3.9-hotspot\bin\server

VM Arguments:
jvm_args: -Dnet.bytebuddy.agent.attacher.dump= 
java_command: net.bytebuddy.agent.Attacher com.sun.tools.attach.VirtualMachine 17432 C:\Users\igorv\.m2\repository\net\bytebuddy\byte-buddy-agent\1.14.13\byte-buddy-agent-1.14.13.jar false 
java_class_path (initial): C:\Users\igorv\.m2\repository\net\bytebuddy\byte-buddy-agent\1.14.13\byte-buddy-agent-1.14.13.jar
Launcher Type: SUN_STANDARD

[Global flags]
     intx CICompilerCount                          = 3                                         {product} {ergonomic}
     uint ConcGCThreads                            = 1                                         {product} {ergonomic}
     uint G1ConcRefinementThreads                  = 4                                         {product} {ergonomic}
   size_t G1HeapRegionSize                         = 1048576                                   {product} {ergonomic}
   size_t InitialHeapSize                          = 132120576                                 {product} {ergonomic}
   size_t MarkStackSize                            = 4194304                                   {product} {ergonomic}
   size_t MarkStackSizeMax                         = 536870912                                 {product} {ergonomic}
   size_t MaxHeapSize                              = 2105540608                                {product} {ergonomic}
   size_t MinHeapDeltaBytes                        = 1048576                                   {product} {ergonomic}
   size_t MinHeapSize                              = 8388608                                   {product} {ergonomic}
    uintx NonNMethodCodeHeapSize                   = 5898240                                {pd product} {ergonomic}
    uintx NonProfiledCodeHeapSize                  = 122945536                              {pd product} {ergonomic}
    uintx ProfiledCodeHeapSize                     = 122945536                              {pd product} {ergonomic}
    uintx ReservedCodeCacheSize                    = 251789312                              {pd product} {ergonomic}
     bool SegmentedCodeCache                       = true                                      {product} {ergonomic}
   size_t SoftMaxHeapSize                          = 2105540608                             {manageable} {ergonomic}
     bool UseCompressedOops                        = true                           {product lp64_product} {ergonomic}
     bool UseG1GC                                  = true                                      {product} {ergonomic}
     bool UseLargePagesIndividualAllocation        = false                                  {pd product} {ergonomic}

Logging:
Log output configuration:
 #0: stdout all=warning uptime,level,tags foldmultilines=false
 #1: stderr all=off uptime,level,tags foldmultilines=false

Release file:
<release file has not been read>
Environment Variables:
JAVA_HOME=C:\Program Files\Eclipse Adoptium\jdk-25.0.3.9-hotspot
PATH=C:\Program Files\Eclipse Adoptium\jdk-25.0.3.9-hotspot\bin;C:\Windows\System32\HWAudioDriverLibs;C:\Windows\system32;C:\Windows;C:\Windows\System32\Wbem;C:\Windows\System32\WindowsPowerShell\v1.0\;C:\Windows\System32\OpenSSH\;C:\Windows\system32\config\systemprofile\AppData\Local\Microsoft\WindowsApps;C:\Program Files\Git\cmd;C:\Program Files\Go\bin;C:\Program Files\Graphviz\bin;C:\Program Files\Java\jdk-11.0.2\bin;;C:\Program Files\nodejs\;C:\ProgramData\chocolatey\bin;C:\Program Files\Docker\Docker\resources\bin;C:\Users\igorv\AppData\Local\Programs\Python\Python37\Scripts\;C:\Users\igorv\AppData\Local\Programs\Python\Python37\;C:\Users\igorv\AppData\Local\Programs\Python\Python310\Scripts\;C:\Users\igorv\AppData\Local\Programs\Python\Python310\;C:\Users\igorv\AppData\Local\Microsoft\WindowsApps;D:\Program Files\JetBrains\PyCharm Community Edition 2022.2\bin;;C:\Users\igorv\AppData\Local\GitHubDesktop\bin;C:\ProgramData\igorv\GitHubDesktop\bin;C:\Users\igorv\go\bin;C:\Users\igorv\AppData\Local\Programs\Microsoft VS Code\bin;C:\Program Files (x86)\Nmap;C:\Program Files\MySQL\MySQL Server 9.3\bin;C:\Users\igorv\.dotnet\tools;C:\Users\igorv\go\bin;D:\Program Files\JetBrains\IntelliJ IDEA Community Edition 2025.2.6.1\bin;D:\Users\igorv\AppData\Local\Programs\PyCharm 2025.3.3\bin;C:\Users\igorv\AppData\Roaming\npm;D:\Program Files\JetBrains\IntelliJ IDEA 2025.2.6.2\bin;c:\Users\igorv\.vscode\extensions\vscjava.vscode-java-debug-0.59.0\bundled\scripts\noConfigScripts
USERNAME=igorv
LANG=en_US.UTF-8
OS=Windows_NT
PROCESSOR_IDENTIFIER=Intel64 Family 6 Model 142 Stepping 12, GenuineIntel
TMP=C:\Users\igorv\AppData\Local\Temp
TEMP=C:\Users\igorv\AppData\Local\Temp




Compilation memory statistics disabled.

Periodic native trim disabled

---------------  S Y S T E M  ---------------

OS:
 Windows 10 , 64 bit Build 19041 (10.0.19041.5915)
OS uptime: 0 days 22:03 hours
Hyper-V role detected

CPU: total 4 (initial active 4) (2 cores per cpu, 2 threads per core) family 6 model 142 stepping 12 microcode 0xde, cx8, cmov, fxsr, ht, mmx, 3dnowpref, sse, sse2, sse3, ssse3, sse4.1, sse4.2, popcnt, lzcnt, tsc, tscinvbit, avx, avx2, aes, erms, clmul, bmi1, bmi2, adx, fma, vzeroupper, clflush, clflushopt, hv, rdtscp, f16c
Processor Information for the first 4 processors :
  Max Mhz: 2592, Current Mhz: 2592, Mhz Limit: 2073

Memory: 4k page, system-wide physical 8025M (986M free)
TotalPageFile size 17541M (AvailPageFile size 164M)
current process WorkingSet (physical memory assigned to process): 12M, peak: 12M
current process commit charge ("private bytes"): 52M, peak: 178M

vm_info: OpenJDK 64-Bit Server VM (25.0.3+9-LTS) for windows-amd64 JRE (25.0.3+9-LTS), built on 2026-04-21T00:00:00Z with MS VC++ 17.12 (VS2022)

END.
