#
# There is insufficient memory for the Java Runtime Environment to continue.
# Native memory allocation (malloc) failed to allocate 17662552 bytes. Error detail: Chunk::new
# Possible reasons:
#   The system is out of physical RAM or swap space
#   This process is running with CompressedOops enabled, and the Java Heap may be blocking the growth of the native heap
# Possible solutions:
#   Reduce memory load on the system
#   Increase physical memory or swap space
#   Check if swap backing store is full
#   Decrease Java heap size (-Xmx/-Xms)
#   Decrease number of Java threads
#   Decrease Java thread stack sizes (-Xss)
#   Set larger code cache with -XX:ReservedCodeCacheSize=
#   JVM is running with Unscaled Compressed Oops mode in which the Java heap is
#     placed in the first 4GB address space. The Java Heap base address is the
#     maximum limit for the native heap growth. Please use -XX:HeapBaseMinAddress
#     to set the Java Heap base and to place the Java Heap above 4GB virtual address.
# This output file may be truncated or incomplete.
#
#  Out of Memory Error (arena.cpp:186), pid=16296, tid=13608
#
# JRE version: OpenJDK Runtime Environment Temurin-25.0.3+9 (25.0.3+9) (build 25.0.3+9-LTS)
# Java VM: OpenJDK 64-Bit Server VM Temurin-25.0.3+9 (25.0.3+9-LTS, mixed mode, sharing, tiered, compressed oops, compressed class ptrs, g1 gc, windows-amd64)
# No core dump will be written. Minidumps are not enabled by default on client versions of Windows
#

---------------  S U M M A R Y ------------

Command Line: --add-opens=java.base/java.lang=ALL-UNNAMED --add-opens=java.base/java.util=ALL-UNNAMED -XX:+EnableDynamicAgentLoading C:\Users\igorv\AppData\Local\Temp\surefire11657639582890736790\surefirebooter-20260608225131374_3.jar C:\Users\igorv\AppData\Local\Temp\surefire11657639582890736790 2026-06-08T22-51-31_094-jvmRun1 surefire-20260608225131374_1tmp surefire_0-20260608225131374_2tmp

Host: Intel(R) Core(TM) i3-10110U CPU @ 2.10GHz, 4 cores, 7G,  Windows 10 , 64 bit Build 19041 (10.0.19041.5915)
Time: Mon Jun  8 22:52:14 2026 elapsed time: 43.012835 seconds (0d 0h 0m 43s)

---------------  T H R E A D  ---------------

Current thread (0x000001f5f192a440):  JavaThread "C2 CompilerThread0" daemon [_thread_in_native, id=13608, stack(0x00000097ead00000,0x00000097eae00000) (1024K)]


Current CompileTask:
C2:43012 11716   !   4       jdk.internal.loader.BuiltinClassLoader::findClassOnClassPathOrNull (38 bytes)

Stack: [0x00000097ead00000,0x00000097eae00000]
Native frames: (J=compiled Java code, j=interpreted, Vv=VM code, C=native code)
V  [jvm.dll+0x7aa709]  (no source info available)
V  [jvm.dll+0x7749ed]  (no source info available)
V  [jvm.dll+0x9f7433]  (no source info available)
V  [jvm.dll+0x9f9a21]  (no source info available)
V  [jvm.dll+0x9fa133]  (no source info available)
V  [jvm.dll+0x2fd266]  (no source info available)
V  [jvm.dll+0x1113c6]  (no source info available)
V  [jvm.dll+0x1116ee]  (no source info available)
V  [jvm.dll+0x1a0342]  (no source info available)
V  [jvm.dll+0x3b67e2]  (no source info available)
V  [jvm.dll+0x7b007c]  (no source info available)
V  [jvm.dll+0x2c0847]  (no source info available)
V  [jvm.dll+0x2bf80f]  (no source info available)
V  [jvm.dll+0x2374a0]  (no source info available)
V  [jvm.dll+0x2cf906]  (no source info available)
V  [jvm.dll+0x2cdb8a]  (no source info available)
V  [jvm.dll+0x49070e]  (no source info available)
V  [jvm.dll+0x99894d]  (no source info available)
V  [jvm.dll+0x7a8ce5]  (no source info available)
C  [ucrtbase.dll+0x21bb2]  (no source info available)
C  [KERNEL32.DLL+0x17374]  (no source info available)
C  [ntdll.dll+0x4cc91]  (no source info available)

Lock stack of current Java thread (top to bottom):


---------------  P R O C E S S  ---------------

Threads class SMR info:
_java_thread_list=0x000001f5f9ad9890, length=43, elements={
0x000001f5d30064f0, 0x000001f5f191c350, 0x000001f5f191d330, 0x000001f5f19231f0,
0x000001f5f1923db0, 0x000001f5f1924970, 0x000001f5f1929550, 0x000001f5f192a440,
0x000001f5f19a1300, 0x000001f5f19e8bf0, 0x000001f5f19ed590, 0x000001f5f1ca7990,
0x000001f5f61d2a50, 0x000001f5f6d91390, 0x000001f5f6d92330, 0x000001f5f8236f40,
0x000001f5f8237ee0, 0x000001f5f8234060, 0x000001f5f8239650, 0x000001f5f8239e20,
0x000001f5f823a5f0, 0x000001f5f667add0, 0x000001f5f6677ef0, 0x000001f5f66786c0,
0x000001f5f6674840, 0x000001f5f6d95210, 0x000001f5f8234830, 0x000001f5fb6f57a0,
0x000001f5fb6f9df0, 0x000001f5fb6f7eb0, 0x000001f5fb6f8e50, 0x000001f5fb6fad90,
0x000001f5fb6fb560, 0x000001f5fb6fc500, 0x000001f5fb6fbd30, 0x000001f5fb6f6f10,
0x000001f5f8236770, 0x000001f5fa0e04e0, 0x000001f5fa0dd600, 0x000001f5fa0dfd10,
0x000001f5fa0df540, 0x000001f5fa22ec20, 0x000001f5fa231330
}

Java Threads: ( => current thread )
  0x000001f5d30064f0 JavaThread "main"                              [_thread_in_Java, id=20428, stack(0x00000097e9f00000,0x00000097ea000000) (1024K)]
  0x000001f5f191c350 JavaThread "Reference Handler"          daemon [_thread_blocked, id=19632, stack(0x00000097ea700000,0x00000097ea800000) (1024K)]
  0x000001f5f191d330 JavaThread "Finalizer"                  daemon [_thread_blocked, id=8988, stack(0x00000097ea800000,0x00000097ea900000) (1024K)]
  0x000001f5f19231f0 JavaThread "Signal Dispatcher"          daemon [_thread_blocked, id=19844, stack(0x00000097ea900000,0x00000097eaa00000) (1024K)]
  0x000001f5f1923db0 JavaThread "Attach Listener"            daemon [_thread_blocked, id=17892, stack(0x00000097eaa00000,0x00000097eab00000) (1024K)]
  0x000001f5f1924970 JavaThread "Service Thread"             daemon [_thread_blocked, id=6076, stack(0x00000097eab00000,0x00000097eac00000) (1024K)]
  0x000001f5f1929550 JavaThread "Monitor Deflation Thread"   daemon [_thread_blocked, id=19548, stack(0x00000097eac00000,0x00000097ead00000) (1024K)]
=>0x000001f5f192a440 JavaThread "C2 CompilerThread0"         daemon [_thread_in_native, id=13608, stack(0x00000097ead00000,0x00000097eae00000) (1024K)]
  0x000001f5f19a1300 JavaThread "C1 CompilerThread0"         daemon [_thread_in_native, id=1392, stack(0x00000097eae00000,0x00000097eaf00000) (1024K)]
  0x000001f5f19e8bf0 JavaThread "Notification Thread"        daemon [_thread_blocked, id=16196, stack(0x00000097eaf00000,0x00000097eb000000) (1024K)]
  0x000001f5f19ed590 JavaThread "Common-Cleaner"             daemon [_thread_blocked, id=1244, stack(0x00000097eb000000,0x00000097eb100000) (1024K)]
  0x000001f5f1ca7990 JavaThread "surefire-forkedjvm-stream-flusher" daemon [_thread_blocked, id=18976, stack(0x00000097eb100000,0x00000097eb200000) (1024K)]
  0x000001f5f61d2a50 JavaThread "surefire-forkedjvm-command-thread" daemon [_thread_in_native, id=18500, stack(0x00000097eb200000,0x00000097eb300000) (1024K)]
  0x000001f5f6d91390 JavaThread "PostgreSQL-JDBC-Cleaner"    daemon [_thread_blocked, id=17588, stack(0x00000097eb800000,0x00000097eb900000) (1024K)]
  0x000001f5f6d92330 JavaThread "HikariPool-1 housekeeper"   daemon [_thread_blocked, id=14168, stack(0x00000097eb900000,0x00000097eba00000) (1024K)]
  0x000001f5f8236f40 JavaThread "scheduling-1"                      [_thread_blocked, id=13504, stack(0x00000097eba00000,0x00000097ebb00000) (1024K)]
  0x000001f5f8237ee0 JavaThread "InnocuousThread-1"          daemon [_thread_in_native, id=18128, stack(0x00000097ebb00000,0x00000097ebc00000) (1024K)]
  0x000001f5f8234060 JavaThread "InnocuousThread-2"          daemon [_thread_in_native, id=17452, stack(0x00000097ebc00000,0x00000097ebd00000) (1024K)]
  0x000001f5f8239650 JavaThread "InnocuousThread-3"          daemon [_thread_in_native, id=12088, stack(0x00000097ebd00000,0x00000097ebe00000) (1024K)]
  0x000001f5f8239e20 JavaThread "InnocuousThread-4"          daemon [_thread_in_native, id=15688, stack(0x00000097ebe00000,0x00000097ebf00000) (1024K)]
  0x000001f5f823a5f0 JavaThread "InnocuousThread-5"          daemon [_thread_in_native, id=19184, stack(0x00000097ebf00000,0x00000097ec000000) (1024K)]
  0x000001f5f667add0 JavaThread "InnocuousThread-6"          daemon [_thread_blocked, id=8116, stack(0x00000097ec000000,0x00000097ec100000) (1024K)]
  0x000001f5f6677ef0 JavaThread "InnocuousThread-7"          daemon [_thread_blocked, id=11988, stack(0x00000097ec100000,0x00000097ec200000) (1024K)]
  0x000001f5f66786c0 JavaThread "testcontainers-ryuk"        daemon [_thread_blocked, id=13024, stack(0x00000097eb500000,0x00000097eb600000) (1024K)]
  0x000001f5f6674840 JavaThread "HikariPool-2 housekeeper"   daemon [_thread_blocked, id=8908, stack(0x00000097ec300000,0x00000097ec400000) (1024K)]
  0x000001f5f6d95210 JavaThread "Catalina-utility-1"                [_thread_blocked, id=20408, stack(0x00000097ec700000,0x00000097ec800000) (1024K)]
  0x000001f5f8234830 JavaThread "Catalina-utility-2"                [_thread_blocked, id=16276, stack(0x00000097ec800000,0x00000097ec900000) (1024K)]
  0x000001f5fb6f57a0 JavaThread "container-0"                       [_thread_blocked, id=14960, stack(0x00000097ec900000,0x00000097eca00000) (1024K)]
  0x000001f5fb6f9df0 JavaThread "http-nio-auto-1-exec-1"     daemon [_thread_blocked, id=11692, stack(0x00000097eca00000,0x00000097ecb00000) (1024K)]
  0x000001f5fb6f7eb0 JavaThread "http-nio-auto-1-exec-2"     daemon [_thread_blocked, id=17736, stack(0x00000097ecb00000,0x00000097ecc00000) (1024K)]
  0x000001f5fb6f8e50 JavaThread "http-nio-auto-1-exec-3"     daemon [_thread_blocked, id=3792, stack(0x00000097ecc00000,0x00000097ecd00000) (1024K)]
  0x000001f5fb6fad90 JavaThread "http-nio-auto-1-exec-4"     daemon [_thread_blocked, id=9576, stack(0x00000097ecd00000,0x00000097ece00000) (1024K)]
  0x000001f5fb6fb560 JavaThread "http-nio-auto-1-exec-5"     daemon [_thread_blocked, id=12868, stack(0x00000097ece00000,0x00000097ecf00000) (1024K)]
  0x000001f5fb6fc500 JavaThread "http-nio-auto-1-exec-6"     daemon [_thread_blocked, id=17952, stack(0x00000097ecf00000,0x00000097ed000000) (1024K)]
  0x000001f5fb6fbd30 JavaThread "http-nio-auto-1-exec-7"     daemon [_thread_blocked, id=16400, stack(0x00000097ed000000,0x00000097ed100000) (1024K)]
  0x000001f5fb6f6f10 JavaThread "http-nio-auto-1-exec-8"     daemon [_thread_blocked, id=3496, stack(0x00000097ed100000,0x00000097ed200000) (1024K)]
  0x000001f5f8236770 JavaThread "http-nio-auto-1-exec-9"     daemon [_thread_blocked, id=524, stack(0x00000097ed200000,0x00000097ed300000) (1024K)]
  0x000001f5fa0e04e0 JavaThread "http-nio-auto-1-exec-10"    daemon [_thread_blocked, id=10624, stack(0x00000097ed300000,0x00000097ed400000) (1024K)]
  0x000001f5fa0dd600 JavaThread "http-nio-auto-1-Poller"     daemon [_thread_in_native, id=16848, stack(0x00000097ed400000,0x00000097ed500000) (1024K)]
  0x000001f5fa0dfd10 JavaThread "http-nio-auto-1-Acceptor"   daemon [_thread_in_native, id=15096, stack(0x00000097ed500000,0x00000097ed600000) (1024K)]
  0x000001f5fa0df540 JavaThread "scheduling-1"                      [_thread_blocked, id=18748, stack(0x00000097ed600000,0x00000097ed700000) (1024K)]
  0x000001f5fa22ec20 JavaThread "ForkJoinPool.commonPool-worker-1" daemon [_thread_blocked, id=17948, stack(0x00000097ec400000,0x00000097ec500000) (1024K)]
  0x000001f5fa231330 JavaThread "ForkJoinPool.commonPool-worker-2" daemon [_thread_blocked, id=19948, stack(0x00000097ed700000,0x00000097ed800000) (1024K)]
Total: 43

Other Threads:
  0x000001f5d530c6c0 VMThread "VM Thread"                           [id=17020, stack(0x00000097ea600000,0x00000097ea700000) (1024K)]
  0x000001f5f190ad20 WatcherThread "VM Periodic Task Thread"        [id=12672, stack(0x00000097ea500000,0x00000097ea600000) (1024K)]
  0x000001f5d52a5370 WorkerThread "GC Thread#0"                     [id=8912, stack(0x00000097ea000000,0x00000097ea100000) (1024K)]
  0x000001f5f6bff890 WorkerThread "GC Thread#1"                     [id=16156, stack(0x00000097eb300000,0x00000097eb400000) (1024K)]
  0x000001f5f6c39290 WorkerThread "GC Thread#2"                     [id=19832, stack(0x00000097eb400000,0x00000097eb500000) (1024K)]
  0x000001f5f77375d0 WorkerThread "GC Thread#3"                     [id=20464, stack(0x00000097eb700000,0x00000097eb800000) (1024K)]
  0x000001f5d52be4d0 ConcurrentGCThread "G1 Main Marker"            [id=15016, stack(0x00000097ea100000,0x00000097ea200000) (1024K)]
  0x000001f5d52bf070 WorkerThread "G1 Conc#0"                       [id=3272, stack(0x00000097ea200000,0x00000097ea300000) (1024K)]
  0x000001f5d52ef1c0 ConcurrentGCThread "G1 Refine#0"               [id=15168, stack(0x00000097ea300000,0x00000097ea400000) (1024K)]
  0x000001f5d52efdd0 ConcurrentGCThread "G1 Service"                [id=16644, stack(0x00000097ea400000,0x00000097ea500000) (1024K)]
Total: 10

Threads with active compile tasks:
C2 CompilerThread0  43173 11716   !   4       jdk.internal.loader.BuiltinClassLoader::findClassOnClassPathOrNull (38 bytes)
C1 CompilerThread0  43173 11958       3       java.nio.charset.CharsetDecoder::<init> (10 bytes)
Total: 2

VM state: not at safepoint (normal execution)

VM Mutex/Monitor currently owned by a thread: None

Heap address: 0x0000000082800000, size: 2008 MB, Compressed Oops mode: 32-bit

CDS archive(s) mapped at: [0x0000000038000000-0x0000000038dd0000-0x0000000038dd0000), size 14483456, SharedBaseAddress: 0x0000000038000000, ArchiveRelocationMode: 1.
Compressed class space mapped at: 0x0000000039000000-0x0000000079000000, reserved size: 1073741824
UseCompressedClassPointers 1, UseCompactObjectHeaders 0
Narrow klass pointer bits 32, Max shift 3
Narrow klass base: 0x0000000038000000, Narrow klass shift: 0
Encoding Range: [0x0000000038000000 - 0x0000000138000000), (4294967296 bytes)
Klass Range:    [0x0000000038010000 - 0x0000000079000000), (1090453504 bytes)
Klass ID Range:  [65536 - 1090519033) (1090453497)
Protection zone: [0x0000000038000000 - 0x0000000038010000), (65536 bytes)

GC Precious Log:
 CardTable entry size: 512
 Card Set container configuration: InlinePtr #cards 5 size 8 Array Of Cards #cards 10 size 36 Howl #buckets 4 coarsen threshold 1843 Howl Bitmap #cards 512 size 80 coarsen threshold 460 Card regions per heap region 1 cards per card region 2048
 CPUs: 4 total, 4 available
 Memory: 8025M
 Large Page Support: Disabled
 NUMA Support: Disabled
 Compressed Oops: Enabled (32-bit)
 Heap Region Size: 1M
 Heap Min Capacity: 8M
 Heap Initial Capacity: 126M
 Heap Max Capacity: 2008M
 Pre-touch: Disabled
 Parallel Workers: 4
 Concurrent Workers: 1
 Concurrent Refinement Workers: 4
 Periodic GC: Disabled

Heap:
 garbage-first heap   total reserved 2056192K, committed 141312K, used 84172K [0x0000000082800000, 0x0000000100000000)
  region size 1024K, 17 young (17408K), 5 survivors (5120K)

Heap Regions: E=young(eden), S=young(survivor), O=old, HS=humongous(starts), HC=humongous(continues), CS=collection set, F=free, TAMS=top-at-mark-start, PB=parsable bottom
|   0|0x0000000082800000, 0x0000000082900000, 0x0000000082900000|100%|HS|  |TAMS 0x0000000082800000| PB 0x0000000082800000| Complete |  0
|   1|0x0000000082900000, 0x0000000082a00000, 0x0000000082a00000|100%|HS|  |TAMS 0x0000000082900000| PB 0x0000000082900000| Complete |  0
|   2|0x0000000082a00000, 0x0000000082b00000, 0x0000000082b00000|100%|HC|  |TAMS 0x0000000082a00000| PB 0x0000000082a00000| Complete |  0
|   3|0x0000000082b00000, 0x0000000082c00000, 0x0000000082c00000|100%| O|  |TAMS 0x0000000082b00000| PB 0x0000000082b00000| Untracked |  0
|   4|0x0000000082c00000, 0x0000000082d00000, 0x0000000082d00000|100%| O|  |TAMS 0x0000000082c00000| PB 0x0000000082c00000| Untracked |  0
|   5|0x0000000082d00000, 0x0000000082e00000, 0x0000000082e00000|100%| O|  |TAMS 0x0000000082d00000| PB 0x0000000082d00000| Untracked |  0
|   6|0x0000000082e00000, 0x0000000082f00000, 0x0000000082f00000|100%| O|  |TAMS 0x0000000082e00000| PB 0x0000000082e00000| Untracked |  0
|   7|0x0000000082f00000, 0x0000000083000000, 0x0000000083000000|100%| O|  |TAMS 0x0000000082f00000| PB 0x0000000082f00000| Untracked |  0
|   8|0x0000000083000000, 0x0000000083100000, 0x0000000083100000|100%| O|  |TAMS 0x0000000083000000| PB 0x0000000083000000| Untracked |  0
|   9|0x0000000083100000, 0x0000000083200000, 0x0000000083200000|100%| O|  |TAMS 0x0000000083100000| PB 0x0000000083100000| Untracked |  0
|  10|0x0000000083200000, 0x0000000083300000, 0x0000000083300000|100%| O|  |TAMS 0x0000000083200000| PB 0x0000000083200000| Untracked |  0
|  11|0x0000000083300000, 0x0000000083400000, 0x0000000083400000|100%| O|  |TAMS 0x0000000083300000| PB 0x0000000083300000| Untracked |  0
|  12|0x0000000083400000, 0x0000000083500000, 0x0000000083500000|100%| O|  |TAMS 0x0000000083400000| PB 0x0000000083400000| Untracked |  0
|  13|0x0000000083500000, 0x0000000083600000, 0x0000000083600000|100%| O|  |TAMS 0x0000000083500000| PB 0x0000000083500000| Untracked |  0
|  14|0x0000000083600000, 0x0000000083700000, 0x0000000083700000|100%| O|  |TAMS 0x0000000083600000| PB 0x0000000083600000| Untracked |  0
|  15|0x0000000083700000, 0x0000000083800000, 0x0000000083800000|100%| O|  |TAMS 0x0000000083700000| PB 0x0000000083700000| Untracked |  0
|  16|0x0000000083800000, 0x0000000083900000, 0x0000000083900000|100%| O|  |TAMS 0x0000000083800000| PB 0x0000000083800000| Untracked |  0
|  17|0x0000000083900000, 0x0000000083a00000, 0x0000000083a00000|100%| O|  |TAMS 0x0000000083900000| PB 0x0000000083900000| Untracked |  0
|  18|0x0000000083a00000, 0x0000000083b00000, 0x0000000083b00000|100%| O|  |TAMS 0x0000000083a00000| PB 0x0000000083a00000| Untracked |  0
|  19|0x0000000083b00000, 0x0000000083c00000, 0x0000000083c00000|100%| O|  |TAMS 0x0000000083b00000| PB 0x0000000083b00000| Untracked |  0
|  20|0x0000000083c00000, 0x0000000083d00000, 0x0000000083d00000|100%| O|  |TAMS 0x0000000083c00000| PB 0x0000000083c00000| Untracked |  0
|  21|0x0000000083d00000, 0x0000000083e00000, 0x0000000083e00000|100%| O|  |TAMS 0x0000000083d00000| PB 0x0000000083d00000| Untracked |  0
|  22|0x0000000083e00000, 0x0000000083f00000, 0x0000000083f00000|100%| O|  |TAMS 0x0000000083e00000| PB 0x0000000083e00000| Untracked |  0
|  23|0x0000000083f00000, 0x0000000084000000, 0x0000000084000000|100%| O|  |TAMS 0x0000000083f00000| PB 0x0000000083f00000| Untracked |  0
|  24|0x0000000084000000, 0x0000000084100000, 0x0000000084100000|100%| O|  |TAMS 0x0000000084000000| PB 0x0000000084000000| Untracked |  0
|  25|0x0000000084100000, 0x0000000084100000, 0x0000000084200000|  0%| F|  |TAMS 0x0000000084100000| PB 0x0000000084100000| Untracked |  0
|  26|0x0000000084200000, 0x0000000084300000, 0x0000000084300000|100%| O|  |TAMS 0x0000000084200000| PB 0x0000000084200000| Untracked |  0
|  27|0x0000000084300000, 0x0000000084400000, 0x0000000084400000|100%| O|  |TAMS 0x0000000084300000| PB 0x0000000084300000| Untracked |  0
|  28|0x0000000084400000, 0x0000000084500000, 0x0000000084500000|100%| O|  |TAMS 0x0000000084400000| PB 0x0000000084400000| Untracked |  0
|  29|0x0000000084500000, 0x0000000084600000, 0x0000000084600000|100%| O|  |TAMS 0x0000000084500000| PB 0x0000000084500000| Untracked |  0
|  30|0x0000000084600000, 0x0000000084700000, 0x0000000084700000|100%| O|  |TAMS 0x0000000084600000| PB 0x0000000084600000| Untracked |  0
|  31|0x0000000084700000, 0x0000000084800000, 0x0000000084800000|100%| O|  |TAMS 0x0000000084700000| PB 0x0000000084700000| Untracked |  0
|  32|0x0000000084800000, 0x0000000084900000, 0x0000000084900000|100%| O|  |TAMS 0x0000000084800000| PB 0x0000000084800000| Untracked |  0
|  33|0x0000000084900000, 0x0000000084a00000, 0x0000000084a00000|100%| O|  |TAMS 0x0000000084900000| PB 0x0000000084900000| Untracked |  0
|  34|0x0000000084a00000, 0x0000000084b00000, 0x0000000084b00000|100%| O|  |TAMS 0x0000000084a00000| PB 0x0000000084a00000| Untracked |  0
|  35|0x0000000084b00000, 0x0000000084c00000, 0x0000000084c00000|100%| O|  |TAMS 0x0000000084b00000| PB 0x0000000084b00000| Untracked |  0
|  36|0x0000000084c00000, 0x0000000084d00000, 0x0000000084d00000|100%| O|  |TAMS 0x0000000084c00000| PB 0x0000000084c00000| Untracked |  0
|  37|0x0000000084d00000, 0x0000000084e00000, 0x0000000084e00000|100%| O|  |TAMS 0x0000000084d00000| PB 0x0000000084d00000| Untracked |  0
|  38|0x0000000084e00000, 0x0000000084f00000, 0x0000000084f00000|100%| O|  |TAMS 0x0000000084e00000| PB 0x0000000084e00000| Untracked |  0
|  39|0x0000000084f00000, 0x0000000085000000, 0x0000000085000000|100%| O|  |TAMS 0x0000000084f00000| PB 0x0000000084f00000| Untracked |  0
|  40|0x0000000085000000, 0x0000000085100000, 0x0000000085100000|100%| O|  |TAMS 0x0000000085000000| PB 0x0000000085000000| Untracked |  0
|  41|0x0000000085100000, 0x0000000085200000, 0x0000000085200000|100%| O|  |TAMS 0x0000000085100000| PB 0x0000000085100000| Untracked |  0
|  42|0x0000000085200000, 0x0000000085300000, 0x0000000085300000|100%| O|  |TAMS 0x0000000085200000| PB 0x0000000085200000| Untracked |  0
|  43|0x0000000085300000, 0x0000000085400000, 0x0000000085400000|100%| O|  |TAMS 0x0000000085300000| PB 0x0000000085300000| Untracked |  0
|  44|0x0000000085400000, 0x0000000085500000, 0x0000000085500000|100%| O|  |TAMS 0x0000000085400000| PB 0x0000000085400000| Untracked |  0
|  45|0x0000000085500000, 0x0000000085600000, 0x0000000085600000|100%| O|  |TAMS 0x0000000085500000| PB 0x0000000085500000| Untracked |  0
|  46|0x0000000085600000, 0x0000000085700000, 0x0000000085700000|100%| O|  |TAMS 0x0000000085600000| PB 0x0000000085600000| Untracked |  0
|  47|0x0000000085700000, 0x0000000085800000, 0x0000000085800000|100%| O|  |TAMS 0x0000000085700000| PB 0x0000000085700000| Untracked |  0
|  48|0x0000000085800000, 0x0000000085900000, 0x0000000085900000|100%| O|  |TAMS 0x0000000085800000| PB 0x0000000085800000| Untracked |  0
|  49|0x0000000085900000, 0x0000000085a00000, 0x0000000085a00000|100%| O|  |TAMS 0x0000000085900000| PB 0x0000000085900000| Untracked |  0
|  50|0x0000000085a00000, 0x0000000085b00000, 0x0000000085b00000|100%| O|  |TAMS 0x0000000085a00000| PB 0x0000000085a00000| Untracked |  0
|  51|0x0000000085b00000, 0x0000000085c00000, 0x0000000085c00000|100%| O|  |TAMS 0x0000000085b00000| PB 0x0000000085b00000| Untracked |  0
|  52|0x0000000085c00000, 0x0000000085d00000, 0x0000000085d00000|100%| O|  |TAMS 0x0000000085c00000| PB 0x0000000085c00000| Untracked |  0
|  53|0x0000000085d00000, 0x0000000085d00000, 0x0000000085e00000|  0%| F|  |TAMS 0x0000000085d00000| PB 0x0000000085d00000| Untracked |  0
|  54|0x0000000085e00000, 0x0000000085f00000, 0x0000000085f00000|100%| O|  |TAMS 0x0000000085e00000| PB 0x0000000085e00000| Untracked |  0
|  55|0x0000000085f00000, 0x0000000086000000, 0x0000000086000000|100%| O|  |TAMS 0x0000000085f00000| PB 0x0000000085f00000| Untracked |  0
|  56|0x0000000086000000, 0x0000000086000000, 0x0000000086100000|  0%| F|  |TAMS 0x0000000086000000| PB 0x0000000086000000| Untracked |  0
|  57|0x0000000086100000, 0x0000000086200000, 0x0000000086200000|100%| O|  |TAMS 0x0000000086100000| PB 0x0000000086100000| Untracked |  0
|  58|0x0000000086200000, 0x0000000086300000, 0x0000000086300000|100%| O|  |TAMS 0x0000000086200000| PB 0x0000000086200000| Untracked |  0
|  59|0x0000000086300000, 0x0000000086400000, 0x0000000086400000|100%| O|  |TAMS 0x0000000086300000| PB 0x0000000086300000| Untracked |  0
|  60|0x0000000086400000, 0x0000000086500000, 0x0000000086500000|100%| O|  |TAMS 0x0000000086400000| PB 0x0000000086400000| Untracked |  0
|  61|0x0000000086500000, 0x0000000086600000, 0x0000000086600000|100%| O|  |TAMS 0x0000000086500000| PB 0x0000000086500000| Untracked |  0
|  62|0x0000000086600000, 0x0000000086700000, 0x0000000086700000|100%| O|  |TAMS 0x0000000086600000| PB 0x0000000086600000| Untracked |  0
|  63|0x0000000086700000, 0x0000000086800000, 0x0000000086800000|100%| O|  |TAMS 0x0000000086700000| PB 0x0000000086700000| Untracked |  0
|  64|0x0000000086800000, 0x0000000086900000, 0x0000000086900000|100%| O|  |TAMS 0x0000000086800000| PB 0x0000000086800000| Untracked |  0
|  65|0x0000000086900000, 0x0000000086a00000, 0x0000000086a00000|100%| O|  |TAMS 0x0000000086900000| PB 0x0000000086900000| Untracked |  0
|  66|0x0000000086a00000, 0x0000000086b00000, 0x0000000086b00000|100%| O|  |TAMS 0x0000000086a00000| PB 0x0000000086a00000| Untracked |  0
|  67|0x0000000086b00000, 0x0000000086c00000, 0x0000000086c00000|100%| O|  |TAMS 0x0000000086b00000| PB 0x0000000086b00000| Untracked |  0
|  68|0x0000000086c00000, 0x0000000086cc0fc0, 0x0000000086d00000| 75%| O|  |TAMS 0x0000000086c00000| PB 0x0000000086c00000| Untracked |  0
|  69|0x0000000086d00000, 0x0000000086e00000, 0x0000000086e00000|100%| S|CS|TAMS 0x0000000086d00000| PB 0x0000000086d00000| Complete |  0
|  70|0x0000000086e00000, 0x0000000086f00000, 0x0000000086f00000|100%| S|CS|TAMS 0x0000000086e00000| PB 0x0000000086e00000| Complete |  0
|  71|0x0000000086f00000, 0x0000000087000000, 0x0000000087000000|100%| S|CS|TAMS 0x0000000086f00000| PB 0x0000000086f00000| Complete |  0
|  72|0x0000000087000000, 0x0000000087000000, 0x0000000087100000|  0%| F|  |TAMS 0x0000000087000000| PB 0x0000000087000000| Untracked |  0
|  73|0x0000000087100000, 0x0000000087100000, 0x0000000087200000|  0%| F|  |TAMS 0x0000000087100000| PB 0x0000000087100000| Untracked |  0
|  74|0x0000000087200000, 0x0000000087200000, 0x0000000087300000|  0%| F|  |TAMS 0x0000000087200000| PB 0x0000000087200000| Untracked |  0
|  75|0x0000000087300000, 0x0000000087300000, 0x0000000087400000|  0%| F|  |TAMS 0x0000000087300000| PB 0x0000000087300000| Untracked |  0
|  76|0x0000000087400000, 0x0000000087400000, 0x0000000087500000|  0%| F|  |TAMS 0x0000000087400000| PB 0x0000000087400000| Untracked |  0
|  77|0x0000000087500000, 0x0000000087600000, 0x0000000087600000|100%| S|CS|TAMS 0x0000000087500000| PB 0x0000000087500000| Complete |  0
|  78|0x0000000087600000, 0x0000000087600000, 0x0000000087700000|  0%| F|  |TAMS 0x0000000087600000| PB 0x0000000087600000| Untracked |  0
|  79|0x0000000087700000, 0x0000000087700000, 0x0000000087800000|  0%| F|  |TAMS 0x0000000087700000| PB 0x0000000087700000| Untracked |  0
|  80|0x0000000087800000, 0x0000000087800000, 0x0000000087900000|  0%| F|  |TAMS 0x0000000087800000| PB 0x0000000087800000| Untracked |  0
|  81|0x0000000087900000, 0x0000000087900000, 0x0000000087a00000|  0%| F|  |TAMS 0x0000000087900000| PB 0x0000000087900000| Untracked |  0
|  82|0x0000000087a00000, 0x0000000087a00000, 0x0000000087b00000|  0%| F|  |TAMS 0x0000000087a00000| PB 0x0000000087a00000| Untracked |  0
|  83|0x0000000087b00000, 0x0000000087b00000, 0x0000000087c00000|  0%| F|  |TAMS 0x0000000087b00000| PB 0x0000000087b00000| Untracked |  0
|  84|0x0000000087c00000, 0x0000000087c00000, 0x0000000087d00000|  0%| F|  |TAMS 0x0000000087c00000| PB 0x0000000087c00000| Untracked |  0
|  85|0x0000000087d00000, 0x0000000087d00000, 0x0000000087e00000|  0%| F|  |TAMS 0x0000000087d00000| PB 0x0000000087d00000| Untracked |  0
|  86|0x0000000087e00000, 0x0000000087e00000, 0x0000000087f00000|  0%| F|  |TAMS 0x0000000087e00000| PB 0x0000000087e00000| Untracked |  0
|  87|0x0000000087f00000, 0x0000000087f00000, 0x0000000088000000|  0%| F|  |TAMS 0x0000000087f00000| PB 0x0000000087f00000| Untracked |  0
|  88|0x0000000088000000, 0x0000000088000000, 0x0000000088100000|  0%| F|  |TAMS 0x0000000088000000| PB 0x0000000088000000| Untracked |  0
|  89|0x0000000088100000, 0x0000000088100000, 0x0000000088200000|  0%| F|  |TAMS 0x0000000088100000| PB 0x0000000088100000| Untracked |  0
|  90|0x0000000088200000, 0x0000000088200000, 0x0000000088300000|  0%| F|  |TAMS 0x0000000088200000| PB 0x0000000088200000| Untracked |  0
|  91|0x0000000088300000, 0x0000000088300000, 0x0000000088400000|  0%| F|  |TAMS 0x0000000088300000| PB 0x0000000088300000| Untracked |  0
|  92|0x0000000088400000, 0x0000000088400000, 0x0000000088500000|  0%| F|  |TAMS 0x0000000088400000| PB 0x0000000088400000| Untracked |  0
|  93|0x0000000088500000, 0x0000000088500000, 0x0000000088600000|  0%| F|  |TAMS 0x0000000088500000| PB 0x0000000088500000| Untracked |  0
|  94|0x0000000088600000, 0x0000000088600000, 0x0000000088700000|  0%| F|  |TAMS 0x0000000088600000| PB 0x0000000088600000| Untracked |  0
|  95|0x0000000088700000, 0x0000000088700000, 0x0000000088800000|  0%| F|  |TAMS 0x0000000088700000| PB 0x0000000088700000| Untracked |  0
|  96|0x0000000088800000, 0x0000000088800000, 0x0000000088900000|  0%| F|  |TAMS 0x0000000088800000| PB 0x0000000088800000| Untracked |  0
|  97|0x0000000088900000, 0x0000000088900000, 0x0000000088a00000|  0%| F|  |TAMS 0x0000000088900000| PB 0x0000000088900000| Untracked |  0
|  98|0x0000000088a00000, 0x0000000088a00000, 0x0000000088b00000|  0%| F|  |TAMS 0x0000000088a00000| PB 0x0000000088a00000| Untracked |  0
|  99|0x0000000088b00000, 0x0000000088b00000, 0x0000000088c00000|  0%| F|  |TAMS 0x0000000088b00000| PB 0x0000000088b00000| Untracked |  0
| 100|0x0000000088c00000, 0x0000000088c00000, 0x0000000088d00000|  0%| F|  |TAMS 0x0000000088c00000| PB 0x0000000088c00000| Untracked |  0
| 101|0x0000000088d00000, 0x0000000088d00000, 0x0000000088e00000|  0%| F|  |TAMS 0x0000000088d00000| PB 0x0000000088d00000| Untracked |  0
| 102|0x0000000088e00000, 0x0000000088e00000, 0x0000000088f00000|  0%| F|  |TAMS 0x0000000088e00000| PB 0x0000000088e00000| Untracked |  0
| 103|0x0000000088f00000, 0x0000000088f00000, 0x0000000089000000|  0%| F|  |TAMS 0x0000000088f00000| PB 0x0000000088f00000| Untracked |  0
| 104|0x0000000089000000, 0x0000000089000000, 0x0000000089100000|  0%| F|  |TAMS 0x0000000089000000| PB 0x0000000089000000| Untracked |  0
| 105|0x0000000089100000, 0x0000000089100000, 0x0000000089200000|  0%| F|  |TAMS 0x0000000089100000| PB 0x0000000089100000| Untracked |  0
| 106|0x0000000089200000, 0x0000000089200000, 0x0000000089300000|  0%| F|  |TAMS 0x0000000089200000| PB 0x0000000089200000| Untracked |  0
| 107|0x0000000089300000, 0x0000000089300000, 0x0000000089400000|  0%| F|  |TAMS 0x0000000089300000| PB 0x0000000089300000| Untracked |  0
| 108|0x0000000089400000, 0x0000000089400000, 0x0000000089500000|  0%| F|  |TAMS 0x0000000089400000| PB 0x0000000089400000| Untracked |  0
| 109|0x0000000089500000, 0x0000000089500000, 0x0000000089600000|  0%| F|  |TAMS 0x0000000089500000| PB 0x0000000089500000| Untracked |  0
| 110|0x0000000089600000, 0x0000000089672150, 0x0000000089700000| 44%| S|CS|TAMS 0x0000000089600000| PB 0x0000000089600000| Complete |  0
| 111|0x0000000089700000, 0x0000000089700000, 0x0000000089800000|  0%| F|  |TAMS 0x0000000089700000| PB 0x0000000089700000| Untracked |  0
| 112|0x0000000089800000, 0x0000000089800000, 0x0000000089900000|  0%| F|  |TAMS 0x0000000089800000| PB 0x0000000089800000| Untracked |  0
| 113|0x0000000089900000, 0x0000000089900000, 0x0000000089a00000|  0%| F|  |TAMS 0x0000000089900000| PB 0x0000000089900000| Untracked |  0
| 114|0x0000000089a00000, 0x0000000089a00000, 0x0000000089b00000|  0%| F|  |TAMS 0x0000000089a00000| PB 0x0000000089a00000| Untracked |  0
| 115|0x0000000089b00000, 0x0000000089b00000, 0x0000000089c00000|  0%| F|  |TAMS 0x0000000089b00000| PB 0x0000000089b00000| Untracked |  0
| 116|0x0000000089c00000, 0x0000000089c00000, 0x0000000089d00000|  0%| F|  |TAMS 0x0000000089c00000| PB 0x0000000089c00000| Untracked |  0
| 117|0x0000000089d00000, 0x0000000089d00000, 0x0000000089e00000|  0%| F|  |TAMS 0x0000000089d00000| PB 0x0000000089d00000| Untracked |  0
| 118|0x0000000089e00000, 0x0000000089e00000, 0x0000000089f00000|  0%| F|  |TAMS 0x0000000089e00000| PB 0x0000000089e00000| Untracked |  0
| 119|0x0000000089f00000, 0x0000000089f00000, 0x000000008a000000|  0%| F|  |TAMS 0x0000000089f00000| PB 0x0000000089f00000| Untracked |  0
| 120|0x000000008a000000, 0x000000008a000000, 0x000000008a100000|  0%| F|  |TAMS 0x000000008a000000| PB 0x000000008a000000| Untracked |  0
| 121|0x000000008a100000, 0x000000008a100000, 0x000000008a200000|  0%| F|  |TAMS 0x000000008a100000| PB 0x000000008a100000| Untracked |  0
| 122|0x000000008a200000, 0x000000008a200000, 0x000000008a300000|  0%| F|  |TAMS 0x000000008a200000| PB 0x000000008a200000| Untracked |  0
| 123|0x000000008a300000, 0x000000008a300000, 0x000000008a400000|  0%| F|  |TAMS 0x000000008a300000| PB 0x000000008a300000| Untracked |  0
| 124|0x000000008a400000, 0x000000008a480000, 0x000000008a500000| 50%| E|  |TAMS 0x000000008a400000| PB 0x000000008a400000| Complete |  0
| 125|0x000000008a500000, 0x000000008a600000, 0x000000008a600000|100%| E|CS|TAMS 0x000000008a500000| PB 0x000000008a500000| Complete |  0
| 126|0x000000008a600000, 0x000000008a700000, 0x000000008a700000|100%| E|CS|TAMS 0x000000008a600000| PB 0x000000008a600000| Complete |  0
| 127|0x000000008a700000, 0x000000008a800000, 0x000000008a800000|100%| E|CS|TAMS 0x000000008a700000| PB 0x000000008a700000| Complete |  0
| 128|0x000000008a800000, 0x000000008a900000, 0x000000008a900000|100%| E|CS|TAMS 0x000000008a800000| PB 0x000000008a800000| Complete |  0
| 129|0x000000008a900000, 0x000000008aa00000, 0x000000008aa00000|100%| E|CS|TAMS 0x000000008a900000| PB 0x000000008a900000| Complete |  0
| 130|0x000000008aa00000, 0x000000008ab00000, 0x000000008ab00000|100%| E|CS|TAMS 0x000000008aa00000| PB 0x000000008aa00000| Complete |  0
| 131|0x000000008ab00000, 0x000000008ac00000, 0x000000008ac00000|100%| E|CS|TAMS 0x000000008ab00000| PB 0x000000008ab00000| Complete |  0
| 132|0x000000008ac00000, 0x000000008ad00000, 0x000000008ad00000|100%| E|CS|TAMS 0x000000008ac00000| PB 0x000000008ac00000| Complete |  0
| 133|0x000000008ad00000, 0x000000008ae00000, 0x000000008ae00000|100%| E|CS|TAMS 0x000000008ad00000| PB 0x000000008ad00000| Complete |  0
| 134|0x000000008ae00000, 0x000000008af00000, 0x000000008af00000|100%| E|CS|TAMS 0x000000008ae00000| PB 0x000000008ae00000| Complete |  0
| 135|0x000000008af00000, 0x000000008b000000, 0x000000008b000000|100%| E|CS|TAMS 0x000000008af00000| PB 0x000000008af00000| Complete |  0
|2006|0x00000000ffe00000, 0x00000000fff00000, 0x00000000fff00000|100%| O|  |TAMS 0x00000000ffe00000| PB 0x00000000ffe00000| Untracked |  0
|2007|0x00000000fff00000, 0x0000000100000000, 0x0000000100000000|100%| E|CS|TAMS 0x00000000fff00000| PB 0x00000000fff00000| Complete |  0

Card table byte_map: [0x000001f5ed160000,0x000001f5ed550000] _byte_map_base: 0x000001f5ecd4c000

Marking Bits: (CMBitMap*) 0x000001f5d52a5b00
 Bits: [0x000001f5ed550000, 0x000001f5ef4b0000)

Polling page: 0x000001f5d3240000

Metaspace:
Metaspace        used 102793K, committed 103808K, reserved 1179648K
 class space     used 14579K, committed 15040K, reserved 1048576K

Usage:
  Non-class:     86.15 MB used.
      Class:     14.24 MB used.
       Both:    100.38 MB used.

Virtual space:
  Non-class space:      128.00 MB reserved,      86.69 MB ( 68%) committed,  2 nodes.
      Class space:        1.00 GB reserved,      14.69 MB (  1%) committed,  1 nodes.
             Both:        1.12 GB reserved,     101.38 MB (  9%) committed. 

Chunk freelists:
   Non-Class:  8.99 MB
       Class:  1.25 MB
        Both:  10.24 MB

MaxMetaspaceSize: unlimited
CompressedClassSpaceSize: 1.00 GB
Initial GC threshold: 21.00 MB
Current GC threshold: 157.12 MB
CDS: on
 - commit_granule_bytes: 65536.
 - commit_granule_words: 8192.
 - virtual_space_node_default_size: 8388608.
 - enlarge_chunks_in_place: 1.
UseCompressedClassPointers 1, UseCompactObjectHeaders 0
Narrow klass pointer bits 32, Max shift 3
Narrow klass base: 0x0000000038000000, Narrow klass shift: 0
Encoding Range: [0x0000000038000000 - 0x0000000138000000), (4294967296 bytes)
Klass Range:    [0x0000000038010000 - 0x0000000079000000), (1090453504 bytes)
Klass ID Range:  [65536 - 1090519033) (1090453497)
Protection zone: [0x0000000038000000 - 0x0000000038010000), (65536 bytes)


Internal statistics:

num_allocs_failed_limit: 9.
num_arena_births: 1086.
num_arena_deaths: 0.
num_vsnodes_births: 3.
num_vsnodes_deaths: 0.
num_space_committed: 1622.
num_space_uncommitted: 0.
num_chunks_returned_to_freelist: 9.
num_chunks_taken_from_freelist: 4779.
num_chunk_merges: 9.
num_chunk_splits: 3550.
num_chunks_enlarged: 2949.
num_inconsistent_stats: 0.

CodeHeap 'non-profiled nmethods': size=120064Kb used=5210Kb max_used=5210Kb free=114853Kb
 bounds [0x000001f5e5830000, 0x000001f5e5d50000, 0x000001f5ecd70000]
CodeHeap 'profiled nmethods': size=120064Kb used=14527Kb max_used=14527Kb free=105536Kb
 bounds [0x000001f5ddd50000, 0x000001f5deb80000, 0x000001f5e5290000]
CodeHeap 'non-nmethods': size=5760Kb used=2742Kb max_used=2762Kb free=3017Kb
 bounds [0x000001f5e5290000, 0x000001f5e5550000, 0x000001f5e5830000]
CodeCache: size=245888Kb, used=22479Kb, max_used=22499Kb, free=223406Kb
 total_blobs=10856, nmethods=9858, adapters=899, full_count=0
Compilation: enabled, stopped_count=0, restarted_count=0

Compilation events (20 events):
Event: 42.852 Thread 0x000001f5f19a1300 11825       3       java.util.ComparableTimSort::sort (219 bytes)
Event: 42.853 Thread 0x000001f5f19a1300 nmethod 11825 0x000001f5deb49e88 code [0x000001f5deb49f80, 0x000001f5deb4a600]
Event: 42.856 Thread 0x000001f5f19a1300 11826       3       java.beans.PropertyDescriptor::setClass0 (25 bytes)
Event: 42.857 Thread 0x000001f5f19a1300 nmethod 11826 0x000001f5deb4a608 code [0x000001f5deb4a700, 0x000001f5deb4b1b8]
Event: 42.861 Thread 0x000001f5f19a1300 11827       3       java.lang.Class::isRecord (33 bytes)
Event: 42.862 Thread 0x000001f5f19a1300 nmethod 11827 0x000001f5deb4b208 code [0x000001f5deb4b300, 0x000001f5deb4b638]
Event: 42.947 Thread 0x000001f5f19a1300 11831       3       java.security.Provider$UString::<init> (21 bytes)
Event: 42.947 Thread 0x000001f5f19a1300 nmethod 11831 0x000001f5deb4b688 code [0x000001f5deb4b780, 0x000001f5deb4bca0]
Event: 42.965 Thread 0x000001f5f19a1300 11832       3       sun.security.ssl.CipherSuite::<init> (112 bytes)
Event: 42.966 Thread 0x000001f5f19a1300 nmethod 11832 0x000001f5deb4bd08 code [0x000001f5deb4be00, 0x000001f5deb4ceb0]
Event: 42.979 Thread 0x000001f5f19a1300 11833       3       java.util.TreeMap::containsKey (14 bytes)
Event: 42.979 Thread 0x000001f5f19a1300 nmethod 11833 0x000001f5deb4cf08 code [0x000001f5deb4d000, 0x000001f5deb4d200]
Event: 42.979 Thread 0x000001f5f19a1300 11834       3       java.util.TreeSet::contains (11 bytes)
Event: 42.979 Thread 0x000001f5f19a1300 nmethod 11834 0x000001f5deb4d208 code [0x000001f5deb4d300, 0x000001f5deb4d4d8]
Event: 42.981 Thread 0x000001f5f19a1300 11835       2       java.util.regex.Pattern::split (325 bytes)
Event: 42.985 Thread 0x000001f5f19a1300 nmethod 11835 0x000001f5deb4d508 code [0x000001f5deb4d600, 0x000001f5deb4ed80]
Event: 42.985 Thread 0x000001f5f19a1300 11836       1       sun.security.ssl.SSLCipher::isAvailable (5 bytes)
Event: 42.985 Thread 0x000001f5f19a1300 nmethod 11836 0x000001f5e5d40d88 code [0x000001f5e5d40e80, 0x000001f5e5d40f48]
Event: 42.985 Thread 0x000001f5f19a1300 11837       3       sun.security.ssl.CipherSuite::supports (11 bytes)
Event: 42.985 Thread 0x000001f5f19a1300 nmethod 11837 0x000001f5deb4ed88 code [0x000001f5deb4ee80, 0x000001f5deb4f058]

GC Heap Usage History (20 events):
Event: 26.973 {heap Before GC invocations=24 (full 0):
 garbage-first heap   total reserved 2056192K, committed 102400K, used 91832K [0x0000000082800000, 0x0000000100000000)
  region size 1024K, 48 young (49152K), 6 survivors (6144K)
}
Event: 26.985 {heap After GC invocations=25 (full 0):
 garbage-first heap   total reserved 2056192K, committed 103424K, used 51524K [0x0000000082800000, 0x0000000100000000)
  region size 1024K, 4 young (4096K), 4 survivors (4096K)
}
Event: 34.267 {heap Before GC invocations=25 (full 0):
 garbage-first heap   total reserved 2056192K, committed 103424K, used 92484K [0x0000000082800000, 0x0000000100000000)
  region size 1024K, 44 young (45056K), 4 survivors (4096K)
}
Event: 34.280 {heap After GC invocations=26 (full 0):
 garbage-first heap   total reserved 2056192K, committed 103424K, used 55972K [0x0000000082800000, 0x0000000100000000)
  region size 1024K, 6 young (6144K), 6 survivors (6144K)
}
Event: 35.942 {heap Before GC invocations=27 (full 0):
 garbage-first heap   total reserved 2056192K, committed 103424K, used 92836K [0x0000000082800000, 0x0000000100000000)
  region size 1024K, 42 young (43008K), 6 survivors (6144K)
}
Event: 35.958 {heap After GC invocations=28 (full 0):
 garbage-first heap   total reserved 2056192K, committed 103424K, used 58719K [0x0000000082800000, 0x0000000100000000)
  region size 1024K, 3 young (3072K), 3 survivors (3072K)
}
Event: 38.066 {heap Before GC invocations=28 (full 0):
 garbage-first heap   total reserved 2056192K, committed 103424K, used 94559K [0x0000000082800000, 0x0000000100000000)
  region size 1024K, 38 young (38912K), 3 survivors (3072K)
}
Event: 38.076 {heap After GC invocations=29 (full 0):
 garbage-first heap   total reserved 2056192K, committed 103424K, used 60037K [0x0000000082800000, 0x0000000100000000)
  region size 1024K, 5 young (5120K), 5 survivors (5120K)
}
Event: 39.045 {heap Before GC invocations=29 (full 0):
 garbage-first heap   total reserved 2056192K, committed 103424K, used 94853K [0x0000000082800000, 0x0000000100000000)
  region size 1024K, 39 young (39936K), 5 survivors (5120K)
}
Event: 39.054 {heap After GC invocations=30 (full 0):
 garbage-first heap   total reserved 2056192K, committed 103424K, used 61506K [0x0000000082800000, 0x0000000100000000)
  region size 1024K, 4 young (4096K), 4 survivors (4096K)
}
Event: 39.567 {heap Before GC invocations=31 (full 0):
 garbage-first heap   total reserved 2056192K, committed 104448K, used 95298K [0x0000000082800000, 0x0000000100000000)
  region size 1024K, 37 young (37888K), 4 survivors (4096K)
}
Event: 39.573 {heap After GC invocations=32 (full 0):
 garbage-first heap   total reserved 2056192K, committed 104448K, used 62518K [0x0000000082800000, 0x0000000100000000)
  region size 1024K, 3 young (3072K), 3 survivors (3072K)
}
Event: 40.081 {heap Before GC invocations=32 (full 0):
 garbage-first heap   total reserved 2056192K, committed 104448K, used 97334K [0x0000000082800000, 0x0000000100000000)
  region size 1024K, 37 young (37888K), 3 survivors (3072K)
}
Event: 40.095 {heap After GC invocations=33 (full 0):
 garbage-first heap   total reserved 2056192K, committed 104448K, used 62606K [0x0000000082800000, 0x0000000100000000)
  region size 1024K, 4 young (4096K), 4 survivors (4096K)
}
Event: 40.370 {heap Before GC invocations=33 (full 0):
 garbage-first heap   total reserved 2056192K, committed 104448K, used 67726K [0x0000000082800000, 0x0000000100000000)
  region size 1024K, 11 young (11264K), 4 survivors (4096K)
}
Event: 40.378 {heap After GC invocations=34 (full 0):
 garbage-first heap   total reserved 2056192K, committed 104448K, used 63707K [0x0000000082800000, 0x0000000100000000)
  region size 1024K, 4 young (4096K), 4 survivors (4096K)
}
Event: 41.694 {heap Before GC invocations=35 (full 0):
 garbage-first heap   total reserved 2056192K, committed 116736K, used 100571K [0x0000000082800000, 0x0000000100000000)
  region size 1024K, 36 young (36864K), 4 survivors (4096K)
}
Event: 41.706 {heap After GC invocations=36 (full 0):
 garbage-first heap   total reserved 2056192K, committed 116736K, used 68683K [0x0000000082800000, 0x0000000100000000)
  region size 1024K, 5 young (5120K), 5 survivors (5120K)
}
Event: 42.749 {heap Before GC invocations=36 (full 0):
 garbage-first heap   total reserved 2056192K, committed 116736K, used 104523K [0x0000000082800000, 0x0000000100000000)
  region size 1024K, 40 young (40960K), 5 survivors (5120K)
}
Event: 42.778 {heap After GC invocations=37 (full 0):
 garbage-first heap   total reserved 2056192K, committed 141312K, used 72908K [0x0000000082800000, 0x0000000100000000)
  region size 1024K, 5 young (5120K), 5 survivors (5120K)
}

Metaspace Usage History (20 events):
Event: 26.973 {metaspace Before GC invocations=24 (full 0):
 Metaspace       used 88378K, committed 88960K, reserved 1179648K
  class space    used 12806K, committed 13056K, reserved 1048576K
}
Event: 26.986 {metaspace After GC invocations=25 (full 0):
 Metaspace       used 88378K, committed 88960K, reserved 1179648K
  class space    used 12806K, committed 13056K, reserved 1048576K
}
Event: 34.267 {metaspace Before GC invocations=25 (full 0):
 Metaspace       used 89678K, committed 90368K, reserved 1179648K
  class space    used 12947K, committed 13248K, reserved 1048576K
}
Event: 34.280 {metaspace After GC invocations=26 (full 0):
 Metaspace       used 89678K, committed 90368K, reserved 1179648K
  class space    used 12947K, committed 13248K, reserved 1048576K
}
Event: 35.942 {metaspace Before GC invocations=27 (full 0):
 Metaspace       used 91857K, committed 92480K, reserved 1179648K
  class space    used 13212K, committed 13504K, reserved 1048576K
}
Event: 35.958 {metaspace After GC invocations=28 (full 0):
 Metaspace       used 91857K, committed 92480K, reserved 1179648K
  class space    used 13212K, committed 13504K, reserved 1048576K
}
Event: 38.066 {metaspace Before GC invocations=28 (full 0):
 Metaspace       used 92471K, committed 93120K, reserved 1179648K
  class space    used 13246K, committed 13504K, reserved 1048576K
}
Event: 38.076 {metaspace After GC invocations=29 (full 0):
 Metaspace       used 92471K, committed 93120K, reserved 1179648K
  class space    used 13246K, committed 13504K, reserved 1048576K
}
Event: 39.045 {metaspace Before GC invocations=29 (full 0):
 Metaspace       used 92922K, committed 93568K, reserved 1179648K
  class space    used 13295K, committed 13568K, reserved 1048576K
}
Event: 39.054 {metaspace After GC invocations=30 (full 0):
 Metaspace       used 92922K, committed 93568K, reserved 1179648K
  class space    used 13295K, committed 13568K, reserved 1048576K
}
Event: 39.567 {metaspace Before GC invocations=31 (full 0):
 Metaspace       used 92966K, committed 93568K, reserved 1179648K
  class space    used 13296K, committed 13568K, reserved 1048576K
}
Event: 39.573 {metaspace After GC invocations=32 (full 0):
 Metaspace       used 92966K, committed 93568K, reserved 1179648K
  class space    used 13296K, committed 13568K, reserved 1048576K
}
Event: 40.081 {metaspace Before GC invocations=32 (full 0):
 Metaspace       used 93436K, committed 94016K, reserved 1179648K
  class space    used 13367K, committed 13632K, reserved 1048576K
}
Event: 40.095 {metaspace After GC invocations=33 (full 0):
 Metaspace       used 93436K, committed 94016K, reserved 1179648K
  class space    used 13367K, committed 13632K, reserved 1048576K
}
Event: 40.370 {metaspace Before GC invocations=33 (full 0):
 Metaspace       used 94509K, committed 95168K, reserved 1179648K
  class space    used 13501K, committed 13824K, reserved 1048576K
}
Event: 40.378 {metaspace After GC invocations=34 (full 0):
 Metaspace       used 94509K, committed 95168K, reserved 1179648K
  class space    used 13501K, committed 13824K, reserved 1048576K
}
Event: 41.694 {metaspace Before GC invocations=35 (full 0):
 Metaspace       used 99230K, committed 99968K, reserved 1179648K
  class space    used 14111K, committed 14464K, reserved 1048576K
}
Event: 41.706 {metaspace After GC invocations=36 (full 0):
 Metaspace       used 99230K, committed 99968K, reserved 1179648K
  class space    used 14111K, committed 14464K, reserved 1048576K
}
Event: 42.749 {metaspace Before GC invocations=36 (full 0):
 Metaspace       used 101014K, committed 101824K, reserved 1179648K
  class space    used 14380K, committed 14720K, reserved 1048576K
}
Event: 42.778 {metaspace After GC invocations=37 (full 0):
 Metaspace       used 101014K, committed 101824K, reserved 1179648K
  class space    used 14380K, committed 14720K, reserved 1048576K
}

Dll operation events (13 events):
Event: 0.016 Loaded shared library C:\Program Files\Eclipse Adoptium\jdk-25.0.3.9-hotspot\bin\java.dll
Event: 0.172 Loaded shared library C:\Program Files\Eclipse Adoptium\jdk-25.0.3.9-hotspot\bin\net.dll
Event: 0.178 Loaded shared library C:\Program Files\Eclipse Adoptium\jdk-25.0.3.9-hotspot\bin\nio.dll
Event: 0.184 Loaded shared library C:\Program Files\Eclipse Adoptium\jdk-25.0.3.9-hotspot\bin\zip.dll
Event: 0.255 Loaded shared library C:\Program Files\Eclipse Adoptium\jdk-25.0.3.9-hotspot\bin\management.dll
Event: 0.260 Loaded shared library C:\Program Files\Eclipse Adoptium\jdk-25.0.3.9-hotspot\bin\management_ext.dll
Event: 0.287 Loaded shared library C:\Program Files\Eclipse Adoptium\jdk-25.0.3.9-hotspot\bin\jimage.dll
Event: 4.813 Loaded shared library C:\Program Files\Eclipse Adoptium\jdk-25.0.3.9-hotspot\bin\sunmscapi.dll
Event: 8.111 Loaded shared library C:\Program Files\Eclipse Adoptium\jdk-25.0.3.9-hotspot\bin\extnet.dll
Event: 12.323 Loaded shared library C:\Program Files\Eclipse Adoptium\jdk-25.0.3.9-hotspot\bin\verify.dll
Event: 24.979 Loaded shared library C:\Program Files\Eclipse Adoptium\jdk-25.0.3.9-hotspot\bin\instrument.dll
Event: 24.983 Loaded shared library C:\Program Files\Eclipse Adoptium\jdk-25.0.3.9-hotspot\bin\zip.dll
Event: 24.987 Loaded shared library C:\Program Files\Eclipse Adoptium\jdk-25.0.3.9-hotspot\bin\instrument.dll

Deoptimization events (20 events):
Event: 42.062 Thread 0x000001f5fa231330 Uncommon trap: trap_request=0xffffff45 fr.pc=0x000001f5e5ca0788 relative=0x0000000000000408
Event: 42.062 Thread 0x000001f5fa231330 Uncommon trap: reason=unstable_if action=reinterpret pc=0x000001f5e5ca0788 method=java.util.HashMap.removeNode(ILjava/lang/Object;Ljava/lang/Object;ZZ)Ljava/util/HashMap$Node; @ 178 c2
Event: 42.062 Thread 0x000001f5fa231330 DEOPT PACKING pc=0x000001f5e5ca0788 sp=0x00000097ed7fe8f0
Event: 42.062 Thread 0x000001f5fa231330 DEOPT UNPACKING pc=0x000001f5e5319102 sp=0x00000097ed7fe890 mode 2
Event: 42.220 Thread 0x000001f5d30064f0 Uncommon trap: trap_request=0xfffffff4 fr.pc=0x000001f5e58d03a8 relative=0x0000000000000328
Event: 42.220 Thread 0x000001f5d30064f0 Uncommon trap: reason=null_check action=make_not_entrant pc=0x000001f5e58d03a8 method=java.util.Arrays.fill([Ljava/lang/Object;Ljava/lang/Object;)V @ 13 c2
Event: 42.220 Thread 0x000001f5d30064f0 DEOPT PACKING pc=0x000001f5e58d03a8 sp=0x00000097e9ff80c0
Event: 42.220 Thread 0x000001f5d30064f0 DEOPT UNPACKING pc=0x000001f5e5319102 sp=0x00000097e9ff8060 mode 2
Event: 42.929 Thread 0x000001f5d30064f0 Uncommon trap: trap_request=0xffffffbe fr.pc=0x000001f5e5d1dbcc relative=0x0000000000000d4c
Event: 42.929 Thread 0x000001f5d30064f0 Uncommon trap: reason=profile_predicate action=maybe_recompile pc=0x000001f5e5d1dbcc method=java.util.regex.Pattern$BnM.optimize(Ljava/util/regex/Pattern$Node;)Ljava/util/regex/Pattern$Node; @ 67 c2
Event: 42.929 Thread 0x000001f5d30064f0 DEOPT PACKING pc=0x000001f5e5d1dbcc sp=0x00000097e9ff5990
Event: 42.929 Thread 0x000001f5d30064f0 DEOPT UNPACKING pc=0x000001f5e5319102 sp=0x00000097e9ff58c0 mode 2
Event: 42.981 Thread 0x000001f5d30064f0 Uncommon trap: trap_request=0xffffffcc fr.pc=0x000001f5e5d35f74 relative=0x00000000000020f4
Event: 42.981 Thread 0x000001f5d30064f0 Uncommon trap: reason=intrinsic_or_type_checked_inlining action=make_not_entrant pc=0x000001f5e5d35f74 method=java.util.ArrayList$SubList.toArray([Ljava/lang/Object;)[Ljava/lang/Object; @ 58 c2
Event: 42.981 Thread 0x000001f5d30064f0 DEOPT PACKING pc=0x000001f5e5d35f74 sp=0x00000097e9ff7740
Event: 42.981 Thread 0x000001f5d30064f0 DEOPT UNPACKING pc=0x000001f5e5319102 sp=0x00000097e9ff7680 mode 2
Event: 43.000 Thread 0x000001f5d30064f0 Uncommon trap: trap_request=0xffffff45 fr.pc=0x000001f5e5c895a4 relative=0x0000000000000a24
Event: 43.000 Thread 0x000001f5d30064f0 Uncommon trap: reason=unstable_if action=reinterpret pc=0x000001f5e5c895a4 method=java.io.BufferedInputStream.read([BII)I @ 30 c2
Event: 43.000 Thread 0x000001f5d30064f0 DEOPT PACKING pc=0x000001f5e5c895a4 sp=0x00000097e9ff8670
Event: 43.000 Thread 0x000001f5d30064f0 DEOPT UNPACKING pc=0x000001f5e5319102 sp=0x00000097e9ff8648 mode 2

Classes loaded (20 events):
Event: 42.999 Loading class sun/security/util/IOUtils done
Event: 43.002 Loading class sun/security/pkcs/ContentInfo
Event: 43.002 Loading class sun/security/pkcs/ContentInfo done
Event: 43.004 Loading class sun/security/util/Cache$EqualByteArray
Event: 43.004 Loading class sun/security/util/Cache$EqualByteArray done
Event: 43.004 Loading class sun/security/x509/X509CertImpl
Event: 43.006 Loading class sun/security/x509/X509CertImpl done
Event: 43.006 Loading class sun/security/x509/X509CertInfo
Event: 43.007 Loading class sun/security/x509/X509CertInfo done
Event: 43.007 Loading class sun/security/x509/CertificateVersion
Event: 43.008 Loading class sun/security/x509/CertificateVersion done
Event: 43.008 Loading class sun/security/x509/CertificateSerialNumber
Event: 43.008 Loading class sun/security/x509/CertificateSerialNumber done
Event: 43.008 Loading class sun/security/x509/SerialNumber
Event: 43.009 Loading class sun/security/x509/SerialNumber done
Event: 43.009 Loading class sun/security/x509/CertificateAlgorithmId
Event: 43.009 Loading class sun/security/x509/CertificateAlgorithmId done
Event: 43.009 Loading class sun/security/x509/X500Name
Event: 43.010 Loading class sun/security/x509/GeneralNameInterface
Event: 43.010 Loading class sun/security/x509/GeneralNameInterface done

Classes unloaded (0 events):
No events

Classes redefined (0 events):
No events

Internal exceptions (20 events):
Event: 42.783 Thread 0x000001f5d30064f0 Exception <a 'java/lang/ClassNotFoundException'{0x00000000fff739f8}: java/util/Collections$UnmodifiableRandomAccessListCustomizer> (0x00000000fff739f8) 
thrown [s\src\hotspot\share\classfile\systemDictionary.cpp, line 328]
Event: 42.799 Thread 0x000001f5d30064f0 Exception <a 'java/lang/ClassNotFoundException'{0x00000000fffb3dd8}: java/lang/MathBeanInfo> (0x00000000fffb3dd8) 
thrown [s\src\hotspot\share\classfile\systemDictionary.cpp, line 328]
Event: 42.800 Thread 0x000001f5d30064f0 Exception <a 'java/lang/ClassNotFoundException'{0x00000000fffb6568}: java/lang/MathCustomizer> (0x00000000fffb6568) 
thrown [s\src\hotspot\share\classfile\systemDictionary.cpp, line 328]
Event: 42.832 Thread 0x000001f5d30064f0 Exception <a 'java/lang/ClassNotFoundException'{0x000000008af770c8}: org/apache/http/impl/client/DefaultHttpClientBeanInfo> (0x000000008af770c8) 
thrown [s\src\hotspot\share\classfile\systemDictionary.cpp, line 328]
Event: 42.833 Thread 0x000001f5d30064f0 Exception <a 'java/lang/ClassNotFoundException'{0x000000008af7b5c8}: org/apache/http/impl/client/AbstractHttpClientBeanInfo> (0x000000008af7b5c8) 
thrown [s\src\hotspot\share\classfile\systemDictionary.cpp, line 328]
Event: 42.834 Thread 0x000001f5d30064f0 Exception <a 'java/lang/ClassNotFoundException'{0x000000008af7fae8}: org/apache/http/impl/client/CloseableHttpClientBeanInfo> (0x000000008af7fae8) 
thrown [s\src\hotspot\share\classfile\systemDictionary.cpp, line 328]
Event: 42.835 Thread 0x000001f5d30064f0 Exception <a 'java/lang/ClassNotFoundException'{0x000000008af84258}: org/apache/http/impl/client/CloseableHttpClientCustomizer> (0x000000008af84258) 
thrown [s\src\hotspot\share\classfile\systemDictionary.cpp, line 328]
Event: 42.836 Thread 0x000001f5d30064f0 Exception <a 'java/lang/ClassNotFoundException'{0x000000008af9a2c0}: org/apache/http/impl/client/AbstractHttpClientCustomizer> (0x000000008af9a2c0) 
thrown [s\src\hotspot\share\classfile\systemDictionary.cpp, line 328]
Event: 42.838 Thread 0x000001f5d30064f0 Exception <a 'java/lang/ClassNotFoundException'{0x000000008afc8100}: org/apache/http/impl/client/DefaultHttpClientCustomizer> (0x000000008afc8100) 
thrown [s\src\hotspot\share\classfile\systemDictionary.cpp, line 328]
Event: 42.846 Thread 0x000001f5d30064f0 Exception <a 'java/lang/ClassNotFoundException'{0x000000008afef7c8}: io/restassured/internal/ResponseParserRegistrarBeanInfo> (0x000000008afef7c8) 
thrown [s\src\hotspot\share\classfile\systemDictionary.cpp, line 328]
Event: 42.847 Thread 0x000001f5d30064f0 Exception <a 'java/lang/ClassNotFoundException'{0x000000008aff3cd8}: io/restassured/internal/ResponseParserRegistrarCustomizer> (0x000000008aff3cd8) 
thrown [s\src\hotspot\share\classfile\systemDictionary.cpp, line 328]
Event: 42.854 Thread 0x000001f5d30064f0 Exception <a 'java/lang/ClassNotFoundException'{0x000000008ae0a628}: io/restassured/internal/RestAssuredHttpBuilderBeanInfo> (0x000000008ae0a628) 
thrown [s\src\hotspot\share\classfile\systemDictionary.cpp, line 328]
Event: 42.855 Thread 0x000001f5d30064f0 Exception <a 'java/lang/ClassNotFoundException'{0x000000008ae0ea78}: io/restassured/internal/http/HTTPBuilderBeanInfo> (0x000000008ae0ea78) 
thrown [s\src\hotspot\share\classfile\systemDictionary.cpp, line 328]
Event: 42.855 Thread 0x000001f5d30064f0 Exception <a 'java/lang/ClassNotFoundException'{0x000000008ae12ec0}: io/restassured/internal/http/HTTPBuilderCustomizer> (0x000000008ae12ec0) 
thrown [s\src\hotspot\share\classfile\systemDictionary.cpp, line 328]
Event: 42.857 Thread 0x000001f5d30064f0 Exception <a 'java/lang/ClassNotFoundException'{0x000000008ae2f090}: io/restassured/internal/RestAssuredHttpBuilderCustomizer> (0x000000008ae2f090) 
thrown [s\src\hotspot\share\classfile\systemDictionary.cpp, line 328]
Event: 42.863 Thread 0x000001f5d30064f0 Exception <a 'java/lang/NoSuchMethodError'{0x000000008ae5c160}: 'java.lang.Object java.lang.invoke.DelegatingMethodHandle$Holder.reinvoke_L(java.lang.Object, java.lang.Object, java.lang.Object, java.lang.Object, java.lang.Object, java.lang.Object, int, java.lang.Object, java.lang.Object, int, java.lang.Object)'> (0x000000008ae5c160) 
thrown [s\src\hotspot\share\interpreter\linkResolver.cpp, line 804]
Event: 42.872 Thread 0x000001f5d30064f0 Exception <a 'java/lang/ClassNotFoundException'{0x000000008aee2370}: org/codehaus/groovy/runtime/MethodClosureBeanInfo> (0x000000008aee2370) 
thrown [s\src\hotspot\share\classfile\systemDictionary.cpp, line 328]
Event: 42.873 Thread 0x000001f5d30064f0 Exception <a 'java/lang/ClassNotFoundException'{0x000000008aee6808}: org/codehaus/groovy/runtime/MethodClosureCustomizer> (0x000000008aee6808) 
thrown [s\src\hotspot\share\classfile\systemDictionary.cpp, line 328]
Event: 42.898 Thread 0x000001f5d30064f0 Exception <a 'java/lang/ClassNotFoundException'{0x000000008ad48070}: io/restassured/internal/http/EncoderRegistryBeanInfo> (0x000000008ad48070) 
thrown [s\src\hotspot\share\classfile\systemDictionary.cpp, line 328]
Event: 42.899 Thread 0x000001f5d30064f0 Exception <a 'java/lang/ClassNotFoundException'{0x000000008ad4c538}: io/restassured/internal/http/EncoderRegistryCustomizer> (0x000000008ad4c538) 
thrown [s\src\hotspot\share\classfile\systemDictionary.cpp, line 328]

VM Operations (20 events):
Event: 41.694 Executing safepoint VM operation: G1CollectForAllocation (G1 Evacuation Pause)
Event: 41.706 Executing safepoint VM operation: G1CollectForAllocation (G1 Evacuation Pause) done
Event: 41.847 Executing non-safepoint VM operation: HandshakeAllThreads (Deoptimize)
Event: 41.847 Executing non-safepoint VM operation: HandshakeAllThreads (Deoptimize) done
Event: 41.849 Executing non-safepoint VM operation: HandshakeAllThreads (Deoptimize)
Event: 41.849 Executing non-safepoint VM operation: HandshakeAllThreads (Deoptimize) done
Event: 41.853 Executing non-safepoint VM operation: HandshakeAllThreads (Deoptimize)
Event: 41.854 Executing non-safepoint VM operation: HandshakeAllThreads (Deoptimize) done
Event: 41.857 Executing non-safepoint VM operation: HandshakeAllThreads (Deoptimize)
Event: 41.857 Executing non-safepoint VM operation: HandshakeAllThreads (Deoptimize) done
Event: 41.861 Executing non-safepoint VM operation: HandshakeAllThreads (Deoptimize)
Event: 41.861 Executing non-safepoint VM operation: HandshakeAllThreads (Deoptimize) done
Event: 41.957 Executing non-safepoint VM operation: HandshakeAllThreads (Deoptimize)
Event: 41.957 Executing non-safepoint VM operation: HandshakeAllThreads (Deoptimize) done
Event: 42.020 Executing non-safepoint VM operation: HandshakeAllThreads (Deoptimize)
Event: 42.023 Executing non-safepoint VM operation: HandshakeAllThreads (Deoptimize) done
Event: 42.749 Executing safepoint VM operation: G1CollectForAllocation (G1 Evacuation Pause)
Event: 42.778 Executing safepoint VM operation: G1CollectForAllocation (G1 Evacuation Pause) done
Event: 42.914 Executing non-safepoint VM operation: HandshakeAllThreads (Deoptimize)
Event: 42.914 Executing non-safepoint VM operation: HandshakeAllThreads (Deoptimize) done

Memory protections (0 events):
No events

Nmethod flushes (20 events):
Event: 40.596 Thread 0x000001f5d530c6c0 flushing  nmethod 0x000001f5de412d08
Event: 40.596 Thread 0x000001f5d530c6c0 flushing  nmethod 0x000001f5de413888
Event: 40.596 Thread 0x000001f5d530c6c0 flushing  nmethod 0x000001f5de436388
Event: 40.596 Thread 0x000001f5d530c6c0 flushing  nmethod 0x000001f5de447508
Event: 40.596 Thread 0x000001f5d530c6c0 flushing  nmethod 0x000001f5de4dab88
Event: 40.596 Thread 0x000001f5d530c6c0 flushing  nmethod 0x000001f5de4dbc08
Event: 40.596 Thread 0x000001f5d530c6c0 flushing  nmethod 0x000001f5de534e08
Event: 40.596 Thread 0x000001f5d530c6c0 flushing  nmethod 0x000001f5de537408
Event: 40.596 Thread 0x000001f5d530c6c0 flushing  nmethod 0x000001f5de54c188
Event: 40.596 Thread 0x000001f5d530c6c0 flushing  nmethod 0x000001f5de54c488
Event: 40.596 Thread 0x000001f5d530c6c0 flushing  nmethod 0x000001f5de589a88
Event: 40.596 Thread 0x000001f5d530c6c0 flushing  nmethod 0x000001f5de58aa08
Event: 40.596 Thread 0x000001f5d530c6c0 flushing  nmethod 0x000001f5de5b1f88
Event: 40.596 Thread 0x000001f5d530c6c0 flushing  nmethod 0x000001f5de5d0a08
Event: 40.596 Thread 0x000001f5d530c6c0 flushing  nmethod 0x000001f5de606308
Event: 40.596 Thread 0x000001f5d530c6c0 flushing  nmethod 0x000001f5de6b0a08
Event: 40.596 Thread 0x000001f5d530c6c0 flushing  nmethod 0x000001f5de6c2a08
Event: 40.596 Thread 0x000001f5d530c6c0 flushing  nmethod 0x000001f5de991d08
Event: 40.596 Thread 0x000001f5d530c6c0 flushing  nmethod 0x000001f5de992008
Event: 40.596 Thread 0x000001f5d530c6c0 flushing  nmethod 0x000001f5de993208

Events (20 events):
Event: 38.292 Thread 0x000001f5d30064f0 Thread added: 0x000001f5fb6f57a0
Event: 39.969 Thread 0x000001f5d30064f0 Thread added: 0x000001f5fb6f9df0
Event: 39.969 Thread 0x000001f5d30064f0 Thread added: 0x000001f5fb6f7eb0
Event: 39.969 Thread 0x000001f5d30064f0 Thread added: 0x000001f5fb6f8e50
Event: 39.969 Thread 0x000001f5d30064f0 Thread added: 0x000001f5fb6fad90
Event: 39.970 Thread 0x000001f5d30064f0 Thread added: 0x000001f5fb6fb560
Event: 39.970 Thread 0x000001f5d30064f0 Thread added: 0x000001f5fb6fc500
Event: 39.970 Thread 0x000001f5d30064f0 Thread added: 0x000001f5fb6fbd30
Event: 39.970 Thread 0x000001f5d30064f0 Thread added: 0x000001f5fb6f6f10
Event: 39.970 Thread 0x000001f5d30064f0 Thread added: 0x000001f5f8236770
Event: 39.970 Thread 0x000001f5d30064f0 Thread added: 0x000001f5fa0e04e0
Event: 39.993 Thread 0x000001f5d30064f0 Thread added: 0x000001f5fa0dd600
Event: 39.995 Thread 0x000001f5d30064f0 Thread added: 0x000001f5fa0dfd10
Event: 40.016 Thread 0x000001f5d30064f0 Thread added: 0x000001f5fa0df540
Event: 40.419 Thread 0x000001f5f1cfb050 Thread exited: 0x000001f5f1cfb050
Event: 41.344 Thread 0x000001f5f19a1300 Thread added: 0x000001f5f1d04980
Event: 41.772 Thread 0x000001f5f667b5a0 Thread exited: 0x000001f5f667b5a0
Event: 41.831 Thread 0x000001f5d30064f0 Thread added: 0x000001f5fa22ec20
Event: 41.836 Thread 0x000001f5fa22ec20 Thread added: 0x000001f5fa231330
Event: 42.631 Thread 0x000001f5f1d04980 Thread exited: 0x000001f5f1d04980


Dynamic libraries:
0x00007ff7db060000 - 0x00007ff7db06e000 	C:\Program Files\Eclipse Adoptium\jdk-25.0.3.9-hotspot\bin\java.exe
0x00007ffcec150000 - 0x00007ffcec348000 	C:\Windows\SYSTEM32\ntdll.dll
0x00007ffcebe70000 - 0x00007ffcebf32000 	C:\Windows\System32\KERNEL32.DLL
0x00007ffce9b00000 - 0x00007ffce9df6000 	C:\Windows\System32\KERNELBASE.dll
0x00007ffcea070000 - 0x00007ffcea170000 	C:\Windows\System32\ucrtbase.dll
0x00007ffce1ea0000 - 0x00007ffce1eb6000 	C:\Program Files\Eclipse Adoptium\jdk-25.0.3.9-hotspot\bin\jli.dll
0x00007ffceb490000 - 0x00007ffceb631000 	C:\Windows\System32\USER32.dll
0x00007ffce9f90000 - 0x00007ffce9fb2000 	C:\Windows\System32\win32u.dll
0x00007ffceb460000 - 0x00007ffceb48b000 	C:\Windows\System32\GDI32.dll
0x00007ffce9940000 - 0x00007ffce9a59000 	C:\Windows\System32\gdi32full.dll
0x00007ffce9a60000 - 0x00007ffce9afd000 	C:\Windows\System32\msvcp_win.dll
0x00007ffce1e80000 - 0x00007ffce1e9e000 	C:\Program Files\Eclipse Adoptium\jdk-25.0.3.9-hotspot\bin\VCRUNTIME140.dll
0x00007ffcd0da0000 - 0x00007ffcd103b000 	C:\Windows\WinSxS\amd64_microsoft.windows.common-controls_6595b64144ccf1df_6.0.19041.6456_none_60b8a6cb71f64256\COMCTL32.dll
0x00007ffcebfb0000 - 0x00007ffcec04e000 	C:\Windows\System32\msvcrt.dll
0x00007ffcebe40000 - 0x00007ffcebe6f000 	C:\Windows\System32\IMM32.DLL
0x00007ffce32b0000 - 0x00007ffce32bc000 	C:\Program Files\Eclipse Adoptium\jdk-25.0.3.9-hotspot\bin\vcruntime140_1.dll
0x00007ffcd1b80000 - 0x00007ffcd1c0d000 	C:\Program Files\Eclipse Adoptium\jdk-25.0.3.9-hotspot\bin\msvcp140.dll
0x00007ffc5bde0000 - 0x00007ffc5cd0a000 	C:\Program Files\Eclipse Adoptium\jdk-25.0.3.9-hotspot\bin\server\jvm.dll
0x00007ffcec050000 - 0x00007ffcec101000 	C:\Windows\System32\ADVAPI32.dll
0x00007ffceaad0000 - 0x00007ffceab6f000 	C:\Windows\System32\sechost.dll
0x00007ffceaf10000 - 0x00007ffceb030000 	C:\Windows\System32\RPCRT4.dll
0x00007ffce9e00000 - 0x00007ffce9e27000 	C:\Windows\System32\bcrypt.dll
0x00007ffcebf40000 - 0x00007ffcebfab000 	C:\Windows\System32\WS2_32.dll
0x00007ffce9640000 - 0x00007ffce968b000 	C:\Windows\SYSTEM32\POWRPROF.dll
0x00007ffcd68f0000 - 0x00007ffcd6917000 	C:\Windows\SYSTEM32\WINMM.dll
0x00007ffce15e0000 - 0x00007ffce15ea000 	C:\Windows\SYSTEM32\VERSION.dll
0x00007ffce9570000 - 0x00007ffce9582000 	C:\Windows\SYSTEM32\UMPDC.dll
0x00007ffce7fe0000 - 0x00007ffce7ff2000 	C:\Windows\SYSTEM32\kernel.appcore.dll
0x00007ffce2690000 - 0x00007ffce269a000 	C:\Program Files\Eclipse Adoptium\jdk-25.0.3.9-hotspot\bin\jimage.dll
0x00007ffcdb810000 - 0x00007ffcdba11000 	C:\Windows\SYSTEM32\DBGHELP.DLL
0x00007ffcd0000000 - 0x00007ffcd0034000 	C:\Windows\SYSTEM32\dbgcore.DLL
0x00007ffce97e0000 - 0x00007ffce9862000 	C:\Windows\System32\bcryptPrimitives.dll
0x00007ffce1dd0000 - 0x00007ffce1dee000 	C:\Program Files\Eclipse Adoptium\jdk-25.0.3.9-hotspot\bin\java.dll
0x00007ffcea170000 - 0x00007ffcea29b000 	C:\Windows\System32\ole32.dll
0x00007ffceab70000 - 0x00007ffceaec4000 	C:\Windows\System32\combase.dll
0x00007ffcea360000 - 0x00007ffceaad0000 	C:\Windows\System32\SHELL32.dll
0x00007ffce77c0000 - 0x00007ffce7f65000 	C:\Windows\SYSTEM32\windows.storage.dll
0x00007ffce91a0000 - 0x00007ffce91cb000 	C:\Windows\SYSTEM32\Wldp.dll
0x00007ffceb640000 - 0x00007ffceb70d000 	C:\Windows\System32\OLEAUT32.dll
0x00007ffcebd90000 - 0x00007ffcebe3d000 	C:\Windows\System32\SHCORE.dll
0x00007ffcebd30000 - 0x00007ffcebd8b000 	C:\Windows\System32\shlwapi.dll
0x00007ffce9710000 - 0x00007ffce9734000 	C:\Windows\SYSTEM32\profapi.dll
0x00007ffce1d00000 - 0x00007ffce1d11000 	C:\Program Files\Eclipse Adoptium\jdk-25.0.3.9-hotspot\bin\net.dll
0x00007ffce8f00000 - 0x00007ffce8f6a000 	C:\Windows\system32\mswsock.dll
0x00007ffce1cc0000 - 0x00007ffce1cd6000 	C:\Program Files\Eclipse Adoptium\jdk-25.0.3.9-hotspot\bin\nio.dll
0x00007ffce1ca0000 - 0x00007ffce1cb6000 	C:\Program Files\Eclipse Adoptium\jdk-25.0.3.9-hotspot\bin\zip.dll
0x00007ffce1c40000 - 0x00007ffce1c4a000 	C:\Program Files\Eclipse Adoptium\jdk-25.0.3.9-hotspot\bin\management.dll
0x00007ffce1b00000 - 0x00007ffce1b0c000 	C:\Program Files\Eclipse Adoptium\jdk-25.0.3.9-hotspot\bin\management_ext.dll
0x00007ffceaed0000 - 0x00007ffceaed8000 	C:\Windows\System32\PSAPI.DLL
0x00007ffce1af0000 - 0x00007ffce1afe000 	C:\Program Files\Eclipse Adoptium\jdk-25.0.3.9-hotspot\bin\sunmscapi.dll
0x00007ffce9e30000 - 0x00007ffce9f8d000 	C:\Windows\System32\CRYPT32.dll
0x00007ffce9210000 - 0x00007ffce9237000 	C:\Windows\SYSTEM32\ncrypt.dll
0x00007ffce91d0000 - 0x00007ffce920b000 	C:\Windows\SYSTEM32\NTASN1.dll
0x00007ffce8ba0000 - 0x00007ffce8c6a000 	C:\Windows\SYSTEM32\DNSAPI.dll
0x00007ffce8b50000 - 0x00007ffce8b8b000 	C:\Windows\SYSTEM32\IPHLPAPI.DLL
0x00007ffceb370000 - 0x00007ffceb378000 	C:\Windows\System32\NSI.dll
0x00007ffcd6120000 - 0x00007ffcd612a000 	C:\Windows\System32\rasadhlp.dll
0x00007ffcd61b0000 - 0x00007ffcd6230000 	C:\Windows\System32\fwpuclnt.dll
0x00007ffce1a50000 - 0x00007ffce1a59000 	C:\Program Files\Eclipse Adoptium\jdk-25.0.3.9-hotspot\bin\extnet.dll
0x00007ffce90f0000 - 0x00007ffce9108000 	C:\Windows\SYSTEM32\CRYPTSP.dll
0x00007ffce8770000 - 0x00007ffce87a8000 	C:\Windows\system32\rsaenh.dll
0x00007ffce9690000 - 0x00007ffce96be000 	C:\Windows\SYSTEM32\USERENV.dll
0x00007ffce9110000 - 0x00007ffce911c000 	C:\Windows\SYSTEM32\CRYPTBASE.dll
0x00007ffce1c70000 - 0x00007ffce1c80000 	C:\Program Files\Eclipse Adoptium\jdk-25.0.3.9-hotspot\bin\verify.dll
0x00007ffcdbc70000 - 0x00007ffcdbc7f000 	C:\Program Files\Eclipse Adoptium\jdk-25.0.3.9-hotspot\bin\instrument.dll
0x00007ffcbad30000 - 0x00007ffcbad37000 	C:\Windows\system32\wshunix.dll

JVMTI agents:
C:\Users\igorv\.m2\repository\net\bytebuddy\byte-buddy-agent\1.14.13\byte-buddy-agent-1.14.13.jar path:C:\Program Files\Eclipse Adoptium\jdk-25.0.3.9-hotspot\bin\instrument.dll, loaded, initialized, dynamic instrumentlib options:none

dbghelp: loaded successfully - version: 4.0.5 - missing functions: none
symbol engine: initialized successfully - sym options: 0x614 - pdb path: .;C:\Program Files\Eclipse Adoptium\jdk-25.0.3.9-hotspot\bin;C:\Windows\SYSTEM32;C:\Windows\WinSxS\amd64_microsoft.windows.common-controls_6595b64144ccf1df_6.0.19041.6456_none_60b8a6cb71f64256;C:\Program Files\Eclipse Adoptium\jdk-25.0.3.9-hotspot\bin\server

VM Arguments:
jvm_args: --add-opens=java.base/java.lang=ALL-UNNAMED --add-opens=java.base/java.util=ALL-UNNAMED -XX:+EnableDynamicAgentLoading 
java_command: C:\Users\igorv\AppData\Local\Temp\surefire11657639582890736790\surefirebooter-20260608225131374_3.jar C:\Users\igorv\AppData\Local\Temp\surefire11657639582890736790 2026-06-08T22-51-31_094-jvmRun1 surefire-20260608225131374_1tmp surefire_0-20260608225131374_2tmp
java_class_path (initial): C:\Users\igorv\AppData\Local\Temp\surefire11657639582890736790\surefirebooter-20260608225131374_3.jar
Launcher Type: SUN_STANDARD

[Global flags]
     intx CICompilerCount                          = 3                                         {product} {ergonomic}
     uint ConcGCThreads                            = 1                                         {product} {ergonomic}
     bool EnableDynamicAgentLoading                = true                                      {product} {command line}
     uint G1ConcRefinementThreads                  = 4                                         {product} {ergonomic}
   size_t G1HeapRegionSize                         = 1048576                                   {product} {ergonomic}
   size_t InitialHeapSize                          = 132120576                                 {product} {ergonomic}
   size_t MarkStackSize                            = 4194304                                   {product} {ergonomic}
   size_t MarkStackSizeMax                         = 536870912                                 {product} {ergonomic}
   size_t MaxHeapSize                              = 2105540608                                {product} {ergonomic}
   size_t MaxNewSize                               = 1262485504                                {product} {ergonomic}
   size_t MinHeapDeltaBytes                        = 1048576                                   {product} {ergonomic}
   size_t MinHeapSize                              = 8388608                                   {product} {ergonomic}
    uintx NonNMethodCodeHeapSize                   = 5898240                                {pd product} {ergonomic}
    uintx NonProfiledCodeHeapSize                  = 122945536                              {pd product} {ergonomic}
    uintx ProfiledCodeHeapSize                     = 122945536                              {pd product} {ergonomic}
    uintx ReservedCodeCacheSize                    = 251789312                              {pd product} {ergonomic}
     bool SegmentedCodeCache                       = true                                      {product} {ergonomic}
   size_t SoftMaxHeapSize                          = 2105540608                             {manageable} {ergonomic}
     bool UseCompressedOops                        = true                           {product lp64_product} {ergonomic}
     bool UseG1GC                                  = true                                      {product} {ergonomic}
     bool UseLargePagesIndividualAllocation        = false                                  {pd product} {ergonomic}

Logging:
Log output configuration:
 #0: stdout all=warning uptime,level,tags foldmultilines=false
 #1: stderr all=off uptime,level,tags foldmultilines=false

Release file:
IMPLEMENTOR="Eclipse Adoptium" 
IMPLEMENTOR_VERSION="Temurin-25.0.3+9" 
JAVA_RUNTIME_VERSION="25.0.3+9-LTS" 
JAVA_VERSION="25.0.3" 
JAVA_VERSION_DATE="2026-04-21" 
LIBC="default" 
MODULES="java.base java.compiler java.datatransfer java.xml java.prefs java.desktop java.instrument java.logging java.management java.security.sasl java.naming java.rmi java.management.rmi java.net.http java.scripting java.security.jgss java.transaction.xa java.sql java.sql.rowset java.xml.crypto java.se java.smartcardio jdk.accessibility jdk.internal.jvmstat jdk.attach jdk.charsets jdk.internal.opt jdk.zipfs jdk.compiler jdk.crypto.cryptoki jdk.crypto.ec jdk.crypto.mscapi jdk.dynalink jdk.internal.ed jdk.editpad jdk.internal.vm.ci jdk.graal.compiler jdk.graal.compiler.management jdk.hotspot.agent jdk.httpserver jdk.incubator.vector jdk.internal.le jdk.internal.md jdk.jartool jdk.javadoc jdk.jcmd jdk.management jdk.management.agent jdk.jconsole jdk.jdeps jdk.jdwp.agent jdk.jdi jdk.jfr jdk.jlink jdk.jpackage jdk.jshell jdk.jsobject jdk.jstatd jdk.localedata jdk.management.jfr jdk.naming.dns jdk.naming.rmi jdk.net jdk.nio.mapmode jdk.sctp jdk.security.auth jdk.security.jgss jdk.unsupported jdk.unsupported.desktop jdk.xml.dom" 
OS_ARCH="x86_64" 
OS_NAME="Windows" 
SOURCE=".:git:cda0a1776184" 
BUILD_SOURCE="git:a612825ee82a20ac872d60958c349854c1f29a8e"
BUILD_SOURCE_REPO="https://github.com/adoptium/temurin-build.git"
SOURCE_REPO="https://github.com/adoptium/jdk25u.git"
FULL_VERSION="25.0.3+9-LTS"
SEMANTIC_VERSION="25.0.3+9"
BUILD_INFO="OS: Windows Server 2022 Version: 10.0"
JVM_VARIANT="Hotspot"
JVM_VERSION="25.0.3+9-LTS"
IMAGE_TYPE="JDK"

Environment Variables:
JAVA_HOME=C:\Program Files\Eclipse Adoptium\jdk-25.0.3.9-hotspot
PATH=C:\Program Files\Eclipse Adoptium\jdk-25.0.3.9-hotspot\bin;C:\Windows\System32\HWAudioDriverLibs;C:\Windows\system32;C:\Windows;C:\Windows\System32\Wbem;C:\Windows\System32\WindowsPowerShell\v1.0\;C:\Windows\System32\OpenSSH\;C:\Windows\system32\config\systemprofile\AppData\Local\Microsoft\WindowsApps;C:\Program Files\Git\cmd;C:\Program Files\Go\bin;C:\Program Files\Graphviz\bin;C:\Program Files\Java\jdk-11.0.2\bin;;C:\Program Files\nodejs\;C:\ProgramData\chocolatey\bin;C:\Program Files\Docker\Docker\resources\bin;C:\Users\igorv\AppData\Local\Programs\Python\Python37\Scripts\;C:\Users\igorv\AppData\Local\Programs\Python\Python37\;C:\Users\igorv\AppData\Local\Programs\Python\Python310\Scripts\;C:\Users\igorv\AppData\Local\Programs\Python\Python310\;C:\Users\igorv\AppData\Local\Microsoft\WindowsApps;D:\Program Files\JetBrains\PyCharm Community Edition 2022.2\bin;;C:\Users\igorv\AppData\Local\GitHubDesktop\bin;C:\ProgramData\igorv\GitHubDesktop\bin;C:\Users\igorv\go\bin;C:\Users\igorv\AppData\Local\Programs\Microsoft VS Code\bin;C:\Program Files (x86)\Nmap;C:\Program Files\MySQL\MySQL Server 9.3\bin;C:\Users\igorv\.dotnet\tools;C:\Users\igorv\go\bin;D:\Program Files\JetBrains\IntelliJ IDEA Community Edition 2025.2.6.1\bin;D:\Users\igorv\AppData\Local\Programs\PyCharm 2025.3.3\bin;C:\Users\igorv\AppData\Roaming\npm;D:\Program Files\JetBrains\IntelliJ IDEA 2025.2.6.2\bin;c:\Users\igorv\.vscode\extensions\vscjava.vscode-java-debug-0.59.0\bundled\scripts\noConfigScripts
USERNAME=igorv
LANG=en_US.UTF-8
OS=Windows_NT
PROCESSOR_IDENTIFIER=Intel64 Family 6 Model 142 Stepping 12, GenuineIntel
TMP=C:\Users\igorv\AppData\Local\Temp
TEMP=C:\Users\igorv\AppData\Local\Temp




Compilation memory statistics disabled.

Periodic native trim disabled

---------------  S Y S T E M  ---------------

OS:
 Windows 10 , 64 bit Build 19041 (10.0.19041.5915)
OS uptime: 0 days 21:46 hours
Hyper-V role detected

CPU: total 4 (initial active 4) (2 cores per cpu, 2 threads per core) family 6 model 142 stepping 12 microcode 0xde, cx8, cmov, fxsr, ht, mmx, 3dnowpref, sse, sse2, sse3, ssse3, sse4.1, sse4.2, popcnt, lzcnt, tsc, tscinvbit, avx, avx2, aes, erms, clmul, bmi1, bmi2, adx, fma, vzeroupper, clflush, clflushopt, hv, rdtscp, f16c
Processor Information for processor 0
  Max Mhz: 2592, Current Mhz: 1495, Mhz Limit: 2073
Processor Information for processor 1
  Max Mhz: 2592, Current Mhz: 1495, Mhz Limit: 2073
Processor Information for processor 2
  Max Mhz: 2592, Current Mhz: 1495, Mhz Limit: 2073
Processor Information for processor 3
  Max Mhz: 2592, Current Mhz: 2592, Mhz Limit: 2073

Memory: 4k page, system-wide physical 8025M (373M free)
TotalPageFile size 17541M (AvailPageFile size 35M)
current process WorkingSet (physical memory assigned to process): 371M, peak: 371M
current process commit charge ("private bytes"): 416M, peak: 432M

vm_info: OpenJDK 64-Bit Server VM (25.0.3+9-LTS) for windows-amd64 JRE (25.0.3+9-LTS), built on 2026-04-21T00:00:00Z with MS VC++ 17.12 (VS2022)

END.
